Archive member included to satisfy reference by file (symbol)

d:/stm32/stm32cubeide_1.7.0/stm32cubeide/plugins/com.st.stm32cube.ide.mcu.externaltools.gnu-tools-for-stm32.9-2020-q2-update.win32_2.0.0.202105311346/tools/bin/../lib/gcc/arm-none-eabi/9.3.1/../../../../arm-none-eabi/lib/thumb/v7-m/nofp\libc_nano.a(lib_a-errno.o)
                              ./Core/Src/syscalls.o (__errno)
d:/stm32/stm32cubeide_1.7.0/stm32cubeide/plugins/com.st.stm32cube.ide.mcu.externaltools.gnu-tools-for-stm32.9-2020-q2-update.win32_2.0.0.202105311346/tools/bin/../lib/gcc/arm-none-eabi/9.3.1/../../../../arm-none-eabi/lib/thumb/v7-m/nofp\libc_nano.a(lib_a-exit.o)
                              d:/stm32/stm32cubeide_1.7.0/stm32cubeide/plugins/com.st.stm32cube.ide.mcu.externaltools.gnu-tools-for-stm32.9-2020-q2-update.win32_2.0.0.202105311346/tools/bin/../lib/gcc/arm-none-eabi/9.3.1/../../../../arm-none-eabi/lib/thumb/v7-m/nofp/crt0.o (exit)
d:/stm32/stm32cubeide_1.7.0/stm32cubeide/plugins/com.st.stm32cube.ide.mcu.externaltools.gnu-tools-for-stm32.9-2020-q2-update.win32_2.0.0.202105311346/tools/bin/../lib/gcc/arm-none-eabi/9.3.1/../../../../arm-none-eabi/lib/thumb/v7-m/nofp\libc_nano.a(lib_a-impure.o)
                              d:/stm32/stm32cubeide_1.7.0/stm32cubeide/plugins/com.st.stm32cube.ide.mcu.externaltools.gnu-tools-for-stm32.9-2020-q2-update.win32_2.0.0.202105311346/tools/bin/../lib/gcc/arm-none-eabi/9.3.1/../../../../arm-none-eabi/lib/thumb/v7-m/nofp\libc_nano.a(lib_a-exit.o) (_global_impure_ptr)
d:/stm32/stm32cubeide_1.7.0/stm32cubeide/plugins/com.st.stm32cube.ide.mcu.externaltools.gnu-tools-for-stm32.9-2020-q2-update.win32_2.0.0.202105311346/tools/bin/../lib/gcc/arm-none-eabi/9.3.1/../../../../arm-none-eabi/lib/thumb/v7-m/nofp\libc_nano.a(lib_a-init.o)
                              d:/stm32/stm32cubeide_1.7.0/stm32cubeide/plugins/com.st.stm32cube.ide.mcu.externaltools.gnu-tools-for-stm32.9-2020-q2-update.win32_2.0.0.202105311346/tools/bin/../lib/gcc/arm-none-eabi/9.3.1/../../../../arm-none-eabi/lib/thumb/v7-m/nofp/crt0.o (__libc_init_array)
d:/stm32/stm32cubeide_1.7.0/stm32cubeide/plugins/com.st.stm32cube.ide.mcu.externaltools.gnu-tools-for-stm32.9-2020-q2-update.win32_2.0.0.202105311346/tools/bin/../lib/gcc/arm-none-eabi/9.3.1/../../../../arm-none-eabi/lib/thumb/v7-m/nofp\libc_nano.a(lib_a-memset.o)
                              d:/stm32/stm32cubeide_1.7.0/stm32cubeide/plugins/com.st.stm32cube.ide.mcu.externaltools.gnu-tools-for-stm32.9-2020-q2-update.win32_2.0.0.202105311346/tools/bin/../lib/gcc/arm-none-eabi/9.3.1/../../../../arm-none-eabi/lib/thumb/v7-m/nofp/crt0.o (memset)

Allocating common symbols
Common symbol       size              file

uwTick              0x4               ./Drivers/STM32F1xx_HAL_Driver/Src/stm32f1xx_hal.o
pFlash              0x20              ./Drivers/STM32F1xx_HAL_Driver/Src/stm32f1xx_hal_flash.o
htim2               0x48              ./Core/Src/main.o

Discarded input sections

 .text          0x0000000000000000        0x0 d:/stm32/stm32cubeide_1.7.0/stm32cubeide/plugins/com.st.stm32cube.ide.mcu.externaltools.gnu-tools-for-stm32.9-2020-q2-update.win32_2.0.0.202105311346/tools/bin/../lib/gcc/arm-none-eabi/9.3.1/thumb/v7-m/nofp/crti.o
 .data          0x0000000000000000        0x0 d:/stm32/stm32cubeide_1.7.0/stm32cubeide/plugins/com.st.stm32cube.ide.mcu.externaltools.gnu-tools-for-stm32.9-2020-q2-update.win32_2.0.0.202105311346/tools/bin/../lib/gcc/arm-none-eabi/9.3.1/thumb/v7-m/nofp/crti.o
 .bss           0x0000000000000000        0x0 d:/stm32/stm32cubeide_1.7.0/stm32cubeide/plugins/com.st.stm32cube.ide.mcu.externaltools.gnu-tools-for-stm32.9-2020-q2-update.win32_2.0.0.202105311346/tools/bin/../lib/gcc/arm-none-eabi/9.3.1/thumb/v7-m/nofp/crti.o
 .data          0x0000000000000000        0x4 d:/stm32/stm32cubeide_1.7.0/stm32cubeide/plugins/com.st.stm32cube.ide.mcu.externaltools.gnu-tools-for-stm32.9-2020-q2-update.win32_2.0.0.202105311346/tools/bin/../lib/gcc/arm-none-eabi/9.3.1/thumb/v7-m/nofp/crtbegin.o
 .text          0x0000000000000000       0x7c d:/stm32/stm32cubeide_1.7.0/stm32cubeide/plugins/com.st.stm32cube.ide.mcu.externaltools.gnu-tools-for-stm32.9-2020-q2-update.win32_2.0.0.202105311346/tools/bin/../lib/gcc/arm-none-eabi/9.3.1/../../../../arm-none-eabi/lib/thumb/v7-m/nofp/crt0.o
 .data          0x0000000000000000        0x0 d:/stm32/stm32cubeide_1.7.0/stm32cubeide/plugins/com.st.stm32cube.ide.mcu.externaltools.gnu-tools-for-stm32.9-2020-q2-update.win32_2.0.0.202105311346/tools/bin/../lib/gcc/arm-none-eabi/9.3.1/../../../../arm-none-eabi/lib/thumb/v7-m/nofp/crt0.o
 .bss           0x0000000000000000        0x0 d:/stm32/stm32cubeide_1.7.0/stm32cubeide/plugins/com.st.stm32cube.ide.mcu.externaltools.gnu-tools-for-stm32.9-2020-q2-update.win32_2.0.0.202105311346/tools/bin/../lib/gcc/arm-none-eabi/9.3.1/../../../../arm-none-eabi/lib/thumb/v7-m/nofp/crt0.o
[...]
Memory Configuration

Name             Origin             Length             Attributes
RAM              0x0000000020000000 0x0000000000002800 xrw
FLASH            0x0000000008000000 0x0000000000008000 xr
*default*        0x0000000000000000 0xffffffffffffffff

Linker script and memory map

LOAD d:/stm32/stm32cubeide_1.7.0/stm32cubeide/plugins/com.st.stm32cube.ide.mcu.externaltools.gnu-tools-for-stm32.9-2020-q2-update.win32_2.0.0.202105311346/tools/bin/../lib/gcc/arm-none-eabi/9.3.1/thumb/v7-m/nofp/crti.o
LOAD d:/stm32/stm32cubeide_1.7.0/stm32cubeide/plugins/com.st.stm32cube.ide.mcu.externaltools.gnu-tools-for-stm32.9-2020-q2-update.win32_2.0.0.202105311346/tools/bin/../lib/gcc/arm-none-eabi/9.3.1/thumb/v7-m/nofp/crtbegin.o
LOAD d:/stm32/stm32cubeide_1.7.0/stm32cubeide/plugins/com.st.stm32cube.ide.mcu.externaltools.gnu-tools-for-stm32.9-2020-q2-update.win32_2.0.0.202105311346/tools/bin/../lib/gcc/arm-none-eabi/9.3.1/../../../../arm-none-eabi/lib/thumb/v7-m/nofp/crt0.o
LOAD ./Core/Src/input_reading.o
LOAD ./Core/Src/main.o
LOAD ./Core/Src/processing.o
LOAD ./Core/Src/seven_segment.o
LOAD ./Core/Src/stm32f1xx_hal_msp.o
LOAD ./Core/Src/stm32f1xx_it.o
LOAD ./Core/Src/syscalls.o
LOAD ./Core/Src/sysmem.o
LOAD ./Core/Src/system_stm32f1xx.o
LOAD ./Core/Src/timer.o
LOAD ./Core/Src/traffic_led.o
LOAD ./Core/Startup/startup_stm32f103c6ux.o
LOAD ./Drivers/STM32F1xx_HAL_Driver/Src/stm32f1xx_hal.o
LOAD ./Drivers/STM32F1xx_HAL_Driver/Src/stm32f1xx_hal_cortex.o
LOAD ./Drivers/STM32F1xx_HAL_Driver/Src/stm32f1xx_hal_dma.o
LOAD ./Drivers/STM32F1xx_HAL_Driver/Src/stm32f1xx_hal_exti.o
LOAD ./Drivers/STM32F1xx_HAL_Driver/Src/stm32f1xx_hal_flash.o
LOAD ./Drivers/STM32F1xx_HAL_Driver/Src/stm32f1xx_hal_flash_ex.o
LOAD ./Drivers/STM32F1xx_HAL_Driver/Src/stm32f1xx_hal_gpio.o
LOAD ./Drivers/STM32F1xx_HAL_Driver/Src/stm32f1xx_hal_gpio_ex.o
LOAD ./Drivers/STM32F1xx_HAL_Driver/Src/stm32f1xx_hal_pwr.o
LOAD ./Drivers/STM32F1xx_HAL_Driver/Src/stm32f1xx_hal_rcc.o
LOAD ./Drivers/STM32F1xx_HAL_Driver/Src/stm32f1xx_hal_rcc_ex.o
LOAD ./Drivers/STM32F1xx_HAL_Driver/Src/stm32f1xx_hal_tim.o
LOAD ./Drivers/STM32F1xx_HAL_Driver/Src/stm32f1xx_hal_tim_ex.o
START GROUP
LOAD d:/stm32/stm32cubeide_1.7.0/stm32cubeide/plugins/com.st.stm32cube.ide.mcu.externaltools.gnu-tools-for-stm32.9-2020-q2-update.win32_2.0.0.202105311346/tools/bin/../lib/gcc/arm-none-eabi/9.3.1/../../../../arm-none-eabi/lib/thumb/v7-m/nofp\libc_nano.a
LOAD d:/stm32/stm32cubeide_1.7.0/stm32cubeide/plugins/com.st.stm32cube.ide.mcu.externaltools.gnu-tools-for-stm32.9-2020-q2-update.win32_2.0.0.202105311346/tools/bin/../lib/gcc/arm-none-eabi/9.3.1/../../../../arm-none-eabi/lib/thumb/v7-m/nofp\libm.a
END GROUP
START GROUP
LOAD d:/stm32/stm32cubeide_1.7.0/stm32cubeide/plugins/com.st.stm32cube.ide.mcu.externaltools.gnu-tools-for-stm32.9-2020-q2-update.win32_2.0.0.202105311346/tools/bin/../lib/gcc/arm-none-eabi/9.3.1/thumb/v7-m/nofp\libgcc.a
LOAD d:/stm32/stm32cubeide_1.7.0/stm32cubeide/plugins/com.st.stm32cube.ide.mcu.externaltools.gnu-tools-for-stm32.9-2020-q2-update.win32_2.0.0.202105311346/tools/bin/../lib/gcc/arm-none-eabi/9.3.1/../../../../arm-none-eabi/lib/thumb/v7-m/nofp\libc_nano.a
END GROUP
START GROUP
LOAD d:/stm32/stm32cubeide_1.7.0/stm32cubeide/plugins/com.st.stm32cube.ide.mcu.externaltools.gnu-tools-for-stm32.9-2020-q2-update.win32_2.0.0.202105311346/tools/bin/../lib/gcc/arm-none-eabi/9.3.1/thumb/v7-m/nofp\libgcc.a
LOAD d:/stm32/stm32cubeide_1.7.0/stm32cubeide/plugins/com.st.stm32cube.ide.mcu.externaltools.gnu-tools-for-stm32.9-2020-q2-update.win32_2.0.0.202105311346/tools/bin/../lib/gcc/arm-none-eabi/9.3.1/../../../../arm-none-eabi/lib/thumb/v7-m/nofp\libc_nano.a
LOAD d:/stm32/stm32cubeide_1.7.0/stm32cubeide/plugins/com.st.stm32cube.ide.mcu.externaltools.gnu-tools-for-stm32.9-2020-q2-update.win32_2.0.0.202105311346/tools/bin/../lib/gcc/arm-none-eabi/9.3.1/../../../../arm-none-eabi/lib/thumb/v7-m/nofp\libnosys.a
END GROUP
START GROUP
LOAD d:/stm32/stm32cubeide_1.7.0/stm32cubeide/plugins/com.st.stm32cube.ide.mcu.externaltools.gnu-tools-for-stm32.9-2020-q2-update.win32_2.0.0.202105311346/tools/bin/../lib/gcc/arm-none-eabi/9.3.1/thumb/v7-m/nofp\libgcc.a
LOAD d:/stm32/stm32cubeide_1.7.0/stm32cubeide/plugins/com.st.stm32cube.ide.mcu.externaltools.gnu-tools-for-stm32.9-2020-q2-update.win32_2.0.0.202105311346/tools/bin/../lib/gcc/arm-none-eabi/9.3.1/../../../../arm-none-eabi/lib/thumb/v7-m/nofp\libc_nano.a
LOAD d:/stm32/stm32cubeide_1.7.0/stm32cubeide/plugins/com.st.stm32cube.ide.mcu.externaltools.gnu-tools-for-stm32.9-2020-q2-update.win32_2.0.0.202105311346/tools/bin/../lib/gcc/arm-none-eabi/9.3.1/../../../../arm-none-eabi/lib/thumb/v7-m/nofp\libnosys.a
END GROUP
LOAD d:/stm32/stm32cubeide_1.7.0/stm32cubeide/plugins/com.st.stm32cube.ide.mcu.externaltools.gnu-tools-for-stm32.9-2020-q2-update.win32_2.0.0.202105311346/tools/bin/../lib/gcc/arm-none-eabi/9.3.1/thumb/v7-m/nofp/crtend.o
LOAD d:/stm32/stm32cubeide_1.7.0/stm32cubeide/plugins/com.st.stm32cube.ide.mcu.externaltools.gnu-tools-for-stm32.9-2020-q2-update.win32_2.0.0.202105311346/tools/bin/../lib/gcc/arm-none-eabi/9.3.1/thumb/v7-m/nofp/crtn.o
                0x0000000020002800                _estack = (ORIGIN (RAM) + LENGTH (RAM))
                0x0000000000000200                _Min_Heap_Size = 0x200
                0x0000000000000400                _Min_Stack_Size = 0x400

.isr_vector     0x0000000008000000      0x10c
                0x0000000008000000                . = ALIGN (0x4)
 *(.isr_vector)
 .isr_vector    0x0000000008000000      0x10c ./Core/Startup/startup_stm32f103c6ux.o
                0x0000000008000000                g_pfnVectors
                0x000000000800010c                . = ALIGN (0x4)

.text           0x000000000800010c     0x2464
                0x000000000800010c                . = ALIGN (0x4)
 *(.text)
 .text          0x000000000800010c       0x40 d:/stm32/stm32cubeide_1.7.0/stm32cubeide/plugins/com.st.stm32cube.ide.mcu.externaltools.gnu-tools-for-stm32.9-2020-q2-update.win32_2.0.0.202105311346/tools/bin/../lib/gcc/arm-none-eabi/9.3.1/thumb/v7-m/nofp/crtbegin.o
 *(.text*)
 .text.button_reading_Init
                0x000000000800014c       0x50 ./Core/Src/input_reading.o
                0x000000000800014c                button_reading_Init
 .text.button_reading
                0x000000000800019c       0x8c ./Core/Src/input_reading.o
                0x000000000800019c                button_reading
 .text.is_button_pressed
                0x0000000008000228       0x34 ./Core/Src/input_reading.o
                0x0000000008000228                is_button_pressed
 .text.main     0x000000000800025c       0x34 ./Core/Src/main.o
                0x000000000800025c                main
 .text.HAL_TIM_PeriodElapsedCallback
                0x0000000008000290       0x1e ./Core/Src/main.o
                0x0000000008000290                HAL_TIM_PeriodElapsedCallback
 .text.SystemClock_Config
                0x00000000080002ae       0x76 ./Core/Src/main.o
                0x00000000080002ae                SystemClock_Config
 .text.MX_TIM2_Init
                0x0000000008000324       0x98 ./Core/Src/main.o
 .text.MX_GPIO_Init
                0x00000000080003bc       0xc4 ./Core/Src/main.o
 .text.Error_Handler
                0x0000000008000480        0xa ./Core/Src/main.o
                0x0000000008000480                Error_Handler
 .text.processing_init
                0x000000000800048a       0x1e ./Core/Src/processing.o
                0x000000000800048a                processing_init
 .text.blink_leds_mode
                0x00000000080004a8      0x100 ./Core/Src/processing.o
                0x00000000080004a8                blink_leds_mode
 .text.processing_run
                0x00000000080005a8      0x24c ./Core/Src/processing.o
                0x00000000080005a8                processing_run
 .text.upclock  0x00000000080007f4       0x4c ./Core/Src/seven_segment.o
                0x00000000080007f4                upclock
 .text.upmode   0x0000000008000840       0x24 ./Core/Src/seven_segment.o
                0x0000000008000840                upmode
 .text.display7SEG
                0x0000000008000864       0xb8 ./Core/Src/seven_segment.o
 .text.scan7SEG
                0x000000000800091c       0x84 ./Core/Src/seven_segment.o
                0x000000000800091c                scan7SEG
 .text.HAL_MspInit
                0x00000000080009a0       0x64 ./Core/Src/stm32f1xx_hal_msp.o
                0x00000000080009a0                HAL_MspInit
 .text.HAL_TIM_Base_MspInit
                0x0000000008000a04       0x48 ./Core/Src/stm32f1xx_hal_msp.o
                0x0000000008000a04                HAL_TIM_Base_MspInit
 .text.NMI_Handler
                0x0000000008000a4c        0x6 ./Core/Src/stm32f1xx_it.o
                0x0000000008000a4c                NMI_Handler
 .text.HardFault_Handler
                0x0000000008000a52        0x6 ./Core/Src/stm32f1xx_it.o
                0x0000000008000a52                HardFault_Handler
 .text.MemManage_Handler
                0x0000000008000a58        0x6 ./Core/Src/stm32f1xx_it.o
                0x0000000008000a58                MemManage_Handler
 .text.BusFault_Handler
                0x0000000008000a5e        0x6 ./Core/Src/stm32f1xx_it.o
                0x0000000008000a5e                BusFault_Handler
 .text.UsageFault_Handler
                0x0000000008000a64        0x6 ./Core/Src/stm32f1xx_it.o
                0x0000000008000a64                UsageFault_Handler
 .text.SVC_Handler
                0x0000000008000a6a        0xc ./Core/Src/stm32f1xx_it.o
                0x0000000008000a6a                SVC_Handler
 .text.DebugMon_Handler
                0x0000000008000a76        0xc ./Core/Src/stm32f1xx_it.o
                0x0000000008000a76                DebugMon_Handler
 .text.PendSV_Handler
                0x0000000008000a82        0xc ./Core/Src/stm32f1xx_it.o
                0x0000000008000a82                PendSV_Handler
 .text.SysTick_Handler
                0x0000000008000a8e        0xc ./Core/Src/stm32f1xx_it.o
                0x0000000008000a8e                SysTick_Handler
 *fill*         0x0000000008000a9a        0x2 
 .text.TIM2_IRQHandler
                0x0000000008000a9c       0x14 ./Core/Src/stm32f1xx_it.o
                0x0000000008000a9c                TIM2_IRQHandler
 .text.SystemInit
                0x0000000008000ab0        0xc ./Core/Src/system_stm32f1xx.o
                0x0000000008000ab0                SystemInit
 .text.setTimer0
                0x0000000008000abc       0x28 ./Core/Src/timer.o
                0x0000000008000abc                setTimer0
 .text.setTimer1
                0x0000000008000ae4       0x28 ./Core/Src/timer.o
                0x0000000008000ae4                setTimer1
 .text.setTimer2
                0x0000000008000b0c       0x28 ./Core/Src/timer.o
                0x0000000008000b0c                setTimer2
 .text.setTimer3
                0x0000000008000b34       0x28 ./Core/Src/timer.o
                0x0000000008000b34                setTimer3
 .text.timerRun
                0x0000000008000b5c       0xac ./Core/Src/timer.o
                0x0000000008000b5c                timerRun
 .text.setNS    0x0000000008000c08       0x60 ./Core/Src/traffic_led.o
 .text.setWE    0x0000000008000c68       0x60 ./Core/Src/traffic_led.o
 .text.set_traffic_time
                0x0000000008000cc8       0x74 ./Core/Src/traffic_led.o
                0x0000000008000cc8                set_traffic_time
 .text.get_red  0x0000000008000d3c       0x14 ./Core/Src/traffic_led.o
                0x0000000008000d3c                get_red
 .text.get_yellow
                0x0000000008000d50       0x14 ./Core/Src/traffic_led.o
                0x0000000008000d50                get_yellow
 .text.get_green
                0x0000000008000d64       0x14 ./Core/Src/traffic_led.o
                0x0000000008000d64                get_green
 .text.turnOffTraffic
                0x0000000008000d78       0x54 ./Core/Src/traffic_led.o
                0x0000000008000d78                turnOffTraffic
 .text.traffic_init
                0x0000000008000dcc       0x38 ./Core/Src/traffic_led.o
                0x0000000008000dcc                traffic_init
 .text.traffic_update
                0x0000000008000e04      0x10c ./Core/Src/traffic_led.o
                0x0000000008000e04                traffic_update
 .text.Reset_Handler
                0x0000000008000f10       0x48 ./Core/Startup/startup_stm32f103c6ux.o
                0x0000000008000f10                Reset_Handler
 .text.Default_Handler
                0x0000000008000f58        0x2 ./Core/Startup/startup_stm32f103c6ux.o
                0x0000000008000f58                RTC_Alarm_IRQHandler
                0x0000000008000f58                EXTI2_IRQHandler
                0x0000000008000f58                TIM1_CC_IRQHandler
                0x0000000008000f58                PVD_IRQHandler
                0x0000000008000f58                EXTI3_IRQHandler
                0x0000000008000f58                EXTI0_IRQHandler
                0x0000000008000f58                ADC1_2_IRQHandler
                0x0000000008000f58                SPI1_IRQHandler
                0x0000000008000f58                TAMPER_IRQHandler
                0x0000000008000f58                DMA1_Channel4_IRQHandler
                0x0000000008000f58                RTC_IRQHandler
                0x0000000008000f58                DMA1_Channel7_IRQHandler
                0x0000000008000f58                CAN1_RX1_IRQHandler
                0x0000000008000f58                I2C1_EV_IRQHandler
                0x0000000008000f58                DMA1_Channel6_IRQHandler
                0x0000000008000f58                TIM3_IRQHandler
                0x0000000008000f58                RCC_IRQHandler
                0x0000000008000f58                TIM1_TRG_COM_IRQHandler
                0x0000000008000f58                DMA1_Channel1_IRQHandler
                0x0000000008000f58                Default_Handler
                0x0000000008000f58                EXTI15_10_IRQHandler
                0x0000000008000f58                EXTI9_5_IRQHandler
                0x0000000008000f58                DMA1_Channel5_IRQHandler
                0x0000000008000f58                EXTI4_IRQHandler
                0x0000000008000f58                USB_LP_CAN1_RX0_IRQHandler
                0x0000000008000f58                USB_HP_CAN1_TX_IRQHandler
                0x0000000008000f58                DMA1_Channel3_IRQHandler
                0x0000000008000f58                TIM1_UP_IRQHandler
                0x0000000008000f58                WWDG_IRQHandler
                0x0000000008000f58                TIM1_BRK_IRQHandler
                0x0000000008000f58                EXTI1_IRQHandler
                0x0000000008000f58                USART2_IRQHandler
                0x0000000008000f58                DMA1_Channel2_IRQHandler
                0x0000000008000f58                CAN1_SCE_IRQHandler
                0x0000000008000f58                FLASH_IRQHandler
                0x0000000008000f58                USART1_IRQHandler
                0x0000000008000f58                I2C1_ER_IRQHandler
                0x0000000008000f58                USBWakeUp_IRQHandler
 *fill*         0x0000000008000f5a        0x2 
 .text.HAL_Init
                0x0000000008000f5c       0x2c ./Drivers/STM32F1xx_HAL_Driver/Src/stm32f1xx_hal.o
                0x0000000008000f5c                HAL_Init
 .text.HAL_InitTick
                0x0000000008000f88       0x60 ./Drivers/STM32F1xx_HAL_Driver/Src/stm32f1xx_hal.o
                0x0000000008000f88                HAL_InitTick
 .text.HAL_IncTick
                0x0000000008000fe8       0x24 ./Drivers/STM32F1xx_HAL_Driver/Src/stm32f1xx_hal.o
                0x0000000008000fe8                HAL_IncTick
 .text.HAL_GetTick
                0x000000000800100c       0x14 ./Drivers/STM32F1xx_HAL_Driver/Src/stm32f1xx_hal.o
                0x000000000800100c                HAL_GetTick
 .text.__NVIC_SetPriorityGrouping
                0x0000000008001020       0x48 ./Drivers/STM32F1xx_HAL_Driver/Src/stm32f1xx_hal_cortex.o
 .text.__NVIC_GetPriorityGrouping
                0x0000000008001068       0x1c ./Drivers/STM32F1xx_HAL_Driver/Src/stm32f1xx_hal_cortex.o
 .text.__NVIC_EnableIRQ
                0x0000000008001084       0x38 ./Drivers/STM32F1xx_HAL_Driver/Src/stm32f1xx_hal_cortex.o
 .text.__NVIC_SetPriority
                0x00000000080010bc       0x54 ./Drivers/STM32F1xx_HAL_Driver/Src/stm32f1xx_hal_cortex.o
 .text.NVIC_EncodePriority
                0x0000000008001110       0x64 ./Drivers/STM32F1xx_HAL_Driver/Src/stm32f1xx_hal_cortex.o
 .text.SysTick_Config
                0x0000000008001174       0x44 ./Drivers/STM32F1xx_HAL_Driver/Src/stm32f1xx_hal_cortex.o
 .text.HAL_NVIC_SetPriorityGrouping
                0x00000000080011b8       0x16 ./Drivers/STM32F1xx_HAL_Driver/Src/stm32f1xx_hal_cortex.o
                0x00000000080011b8                HAL_NVIC_SetPriorityGrouping
 .text.HAL_NVIC_SetPriority
                0x00000000080011ce       0x38 ./Drivers/STM32F1xx_HAL_Driver/Src/stm32f1xx_hal_cortex.o
                0x00000000080011ce                HAL_NVIC_SetPriority
 .text.HAL_NVIC_EnableIRQ
                0x0000000008001206       0x1c ./Drivers/STM32F1xx_HAL_Driver/Src/stm32f1xx_hal_cortex.o
                0x0000000008001206                HAL_NVIC_EnableIRQ
 .text.HAL_SYSTICK_Config
                0x0000000008001222       0x18 ./Drivers/STM32F1xx_HAL_Driver/Src/stm32f1xx_hal_cortex.o
                0x0000000008001222                HAL_SYSTICK_Config
 *fill*         0x000000000800123a        0x2 
 .text.HAL_GPIO_Init
                0x000000000800123c      0x2f4 ./Drivers/STM32F1xx_HAL_Driver/Src/stm32f1xx_hal_gpio.o
                0x000000000800123c                HAL_GPIO_Init
 .text.HAL_GPIO_ReadPin
                0x0000000008001530       0x2e ./Drivers/STM32F1xx_HAL_Driver/Src/stm32f1xx_hal_gpio.o
                0x0000000008001530                HAL_GPIO_ReadPin
 .text.HAL_GPIO_WritePin
                0x000000000800155e       0x30 ./Drivers/STM32F1xx_HAL_Driver/Src/stm32f1xx_hal_gpio.o
                0x000000000800155e                HAL_GPIO_WritePin
 *fill*         0x000000000800158e        0x2 
 .text.HAL_RCC_OscConfig
                0x0000000008001590      0x500 ./Drivers/STM32F1xx_HAL_Driver/Src/stm32f1xx_hal_rcc.o
                0x0000000008001590                HAL_RCC_OscConfig
 .text.HAL_RCC_ClockConfig
                0x0000000008001a90      0x1d4 ./Drivers/STM32F1xx_HAL_Driver/Src/stm32f1xx_hal_rcc.o
                0x0000000008001a90                HAL_RCC_ClockConfig
 .text.HAL_RCC_GetSysClockFreq
                0x0000000008001c64       0xa8 ./Drivers/STM32F1xx_HAL_Driver/Src/stm32f1xx_hal_rcc.o
                0x0000000008001c64                HAL_RCC_GetSysClockFreq
 .text.RCC_Delay
                0x0000000008001d0c       0x3c ./Drivers/STM32F1xx_HAL_Driver/Src/stm32f1xx_hal_rcc.o
 .text.HAL_TIM_Base_Init
                0x0000000008001d48       0x9e ./Drivers/STM32F1xx_HAL_Driver/Src/stm32f1xx_hal_tim.o
                0x0000000008001d48                HAL_TIM_Base_Init
 *fill*         0x0000000008001de6        0x2 
 .text.HAL_TIM_Base_Start_IT
                0x0000000008001de8       0x98 ./Drivers/STM32F1xx_HAL_Driver/Src/stm32f1xx_hal_tim.o
                0x0000000008001de8                HAL_TIM_Base_Start_IT
 .text.HAL_TIM_IRQHandler
                0x0000000008001e80      0x1e0 ./Drivers/STM32F1xx_HAL_Driver/Src/stm32f1xx_hal_tim.o
                0x0000000008001e80                HAL_TIM_IRQHandler
 .text.HAL_TIM_ConfigClockSource
                0x0000000008002060      0x18e ./Drivers/STM32F1xx_HAL_Driver/Src/stm32f1xx_hal_tim.o
                0x0000000008002060                HAL_TIM_ConfigClockSource
 .text.HAL_TIM_OC_DelayElapsedCallback
                0x00000000080021ee       0x12 ./Drivers/STM32F1xx_HAL_Driver/Src/stm32f1xx_hal_tim.o
                0x00000000080021ee                HAL_TIM_OC_DelayElapsedCallback
 .text.HAL_TIM_IC_CaptureCallback
                0x0000000008002200       0x12 ./Drivers/STM32F1xx_HAL_Driver/Src/stm32f1xx_hal_tim.o
                0x0000000008002200                HAL_TIM_IC_CaptureCallback
 .text.HAL_TIM_PWM_PulseFinishedCallback
                0x0000000008002212       0x12 ./Drivers/STM32F1xx_HAL_Driver/Src/stm32f1xx_hal_tim.o
                0x0000000008002212                HAL_TIM_PWM_PulseFinishedCallback
 .text.HAL_TIM_TriggerCallback
                0x0000000008002224       0x12 ./Drivers/STM32F1xx_HAL_Driver/Src/stm32f1xx_hal_tim.o
                0x0000000008002224                HAL_TIM_TriggerCallback
 *fill*         0x0000000008002236        0x2 
 .text.TIM_Base_SetConfig
                0x0000000008002238       0xc8 ./Drivers/STM32F1xx_HAL_Driver/Src/stm32f1xx_hal_tim.o
                0x0000000008002238                TIM_Base_SetConfig
 .text.TIM_TI1_ConfigInputStage
                0x0000000008002300       0x5c ./Drivers/STM32F1xx_HAL_Driver/Src/stm32f1xx_hal_tim.o
 .text.TIM_TI2_ConfigInputStage
                0x000000000800235c       0x5e ./Drivers/STM32F1xx_HAL_Driver/Src/stm32f1xx_hal_tim.o
 .text.TIM_ITRx_SetConfig
                0x00000000080023ba       0x34 ./Drivers/STM32F1xx_HAL_Driver/Src/stm32f1xx_hal_tim.o
 .text.TIM_ETR_SetConfig
                0x00000000080023ee       0x3e ./Drivers/STM32F1xx_HAL_Driver/Src/stm32f1xx_hal_tim.o
                0x00000000080023ee                TIM_ETR_SetConfig
 .text.HAL_TIMEx_MasterConfigSynchronization
                0x000000000800242c       0xb0 ./Drivers/STM32F1xx_HAL_Driver/Src/stm32f1xx_hal_tim_ex.o
                0x000000000800242c                HAL_TIMEx_MasterConfigSynchronization
 .text.HAL_TIMEx_CommutCallback
                0x00000000080024dc       0x12 ./Drivers/STM32F1xx_HAL_Driver/Src/stm32f1xx_hal_tim_ex.o
                0x00000000080024dc                HAL_TIMEx_CommutCallback
 .text.HAL_TIMEx_BreakCallback
                0x00000000080024ee       0x12 ./Drivers/STM32F1xx_HAL_Driver/Src/stm32f1xx_hal_tim_ex.o
                0x00000000080024ee                HAL_TIMEx_BreakCallback
 .text.__libc_init_array
                0x0000000008002500       0x48 d:/stm32/stm32cubeide_1.7.0/stm32cubeide/plugins/com.st.stm32cube.ide.mcu.externaltools.gnu-tools-for-stm32.9-2020-q2-update.win32_2.0.0.202105311346/tools/bin/../lib/gcc/arm-none-eabi/9.3.1/../../../../arm-none-eabi/lib/thumb/v7-m/nofp\libc_nano.a(lib_a-init.o)
                0x0000000008002500                __libc_init_array
 .text.memset   0x0000000008002548       0x10 d:/stm32/stm32cubeide_1.7.0/stm32cubeide/plugins/com.st.stm32cube.ide.mcu.externaltools.gnu-tools-for-stm32.9-2020-q2-update.win32_2.0.0.202105311346/tools/bin/../lib/gcc/arm-none-eabi/9.3.1/../../../../arm-none-eabi/lib/thumb/v7-m/nofp\libc_nano.a(lib_a-memset.o)
                0x0000000008002548                memset
 *(.glue_7)
 .glue_7        0x0000000008002558        0x0 linker stubs
 *(.glue_7t)
 .glue_7t       0x0000000008002558        0x0 linker stubs
 *(.eh_frame)
 .eh_frame      0x0000000008002558        0x0 d:/stm32/stm32cubeide_1.7.0/stm32cubeide/plugins/com.st.stm32cube.ide.mcu.externaltools.gnu-tools-for-stm32.9-2020-q2-update.win32_2.0.0.202105311346/tools/bin/../lib/gcc/arm-none-eabi/9.3.1/thumb/v7-m/nofp/crtbegin.o
 *(.init)
 .init          0x0000000008002558        0x4 d:/stm32/stm32cubeide_1.7.0/stm32cubeide/plugins/com.st.stm32cube.ide.mcu.externaltools.gnu-tools-for-stm32.9-2020-q2-update.win32_2.0.0.202105311346/tools/bin/../lib/gcc/arm-none-eabi/9.3.1/thumb/v7-m/nofp/crti.o
                0x0000000008002558                _init
 .init          0x000000000800255c        0x8 d:/stm32/stm32cubeide_1.7.0/stm32cubeide/plugins/com.st.stm32cube.ide.mcu.externaltools.gnu-tools-for-stm32.9-2020-q2-update.win32_2.0.0.202105311346/tools/bin/../lib/gcc/arm-none-eabi/9.3.1/thumb/v7-m/nofp/crtn.o
 *(.fini)
 .fini          0x0000000008002564        0x4 d:/stm32/stm32cubeide_1.7.0/stm32cubeide/plugins/com.st.stm32cube.ide.mcu.externaltools.gnu-tools-for-stm32.9-2020-q2-update.win32_2.0.0.202105311346/tools/bin/../lib/gcc/arm-none-eabi/9.3.1/thumb/v7-m/nofp/crti.o
                0x0000000008002564                _fini
 .fini          0x0000000008002568        0x8 d:/stm32/stm32cubeide_1.7.0/stm32cubeide/plugins/com.st.stm32cube.ide.mcu.externaltools.gnu-tools-for-stm32.9-2020-q2-update.win32_2.0.0.202105311346/tools/bin/../lib/gcc/arm-none-eabi/9.3.1/thumb/v7-m/nofp/crtn.o
                0x0000000008002570                . = ALIGN (0x4)
                0x0000000008002570                _etext = .

.vfp11_veneer   0x0000000008002570        0x0
 .vfp11_veneer  0x0000000008002570        0x0 linker stubs

.v4_bx          0x0000000008002570        0x0
 .v4_bx         0x0000000008002570        0x0 linker stubs

.iplt           0x0000000008002570        0x0
 .iplt          0x0000000008002570        0x0 d:/stm32/stm32cubeide_1.7.0/stm32cubeide/plugins/com.st.stm32cube.ide.mcu.externaltools.gnu-tools-for-stm32.9-2020-q2-update.win32_2.0.0.202105311346/tools/bin/../lib/gcc/arm-none-eabi/9.3.1/thumb/v7-m/nofp/crtbegin.o

.rodata         0x0000000008002570       0x38
                0x0000000008002570                . = ALIGN (0x4)
 *(.rodata)
 *(.rodata*)
 .rodata.segment_code
                0x0000000008002570        0xa ./Core/Src/seven_segment.o
 *fill*         0x000000000800257a        0x2 
 .rodata.led_select
                0x000000000800257c        0x8 ./Core/Src/seven_segment.o
 .rodata.AHBPrescTable
                0x0000000008002584       0x10 ./Core/Src/system_stm32f1xx.o
                0x0000000008002584                AHBPrescTable
 .rodata.aPLLMULFactorTable.6032
                0x0000000008002594       0x10 ./Drivers/STM32F1xx_HAL_Driver/Src/stm32f1xx_hal_rcc.o
 .rodata.aPredivFactorTable.6033
                0x00000000080025a4        0x2 ./Drivers/STM32F1xx_HAL_Driver/Src/stm32f1xx_hal_rcc.o
                0x00000000080025a8                . = ALIGN (0x4)
 *fill*         0x00000000080025a6        0x2 

.rel.dyn        0x00000000080025a8        0x0
 .rel.iplt      0x00000000080025a8        0x0 d:/stm32/stm32cubeide_1.7.0/stm32cubeide/plugins/com.st.stm32cube.ide.mcu.externaltools.gnu-tools-for-stm32.9-2020-q2-update.win32_2.0.0.202105311346/tools/bin/../lib/gcc/arm-none-eabi/9.3.1/thumb/v7-m/nofp/crtbegin.o

.ARM.extab      0x00000000080025a8        0x0
                0x00000000080025a8                . = ALIGN (0x4)
 *(.ARM.extab* .gnu.linkonce.armextab.*)
                0x00000000080025a8                . = ALIGN (0x4)

.ARM            0x00000000080025a8        0x0
                0x00000000080025a8                . = ALIGN (0x4)
                0x00000000080025a8                __exidx_start = .
 *(.ARM.exidx*)
                0x00000000080025a8                __exidx_end = .
                0x00000000080025a8                . = ALIGN (0x4)

.preinit_array  0x00000000080025a8        0x0
                0x00000000080025a8                . = ALIGN (0x4)
                0x00000000080025a8                PROVIDE (__preinit_array_start = .)
 *(.preinit_array*)
                0x00000000080025a8                PROVIDE (__preinit_array_end = .)
                0x00000000080025a8                . = ALIGN (0x4)

.init_array     0x00000000080025a8        0x4
                0x00000000080025a8                . = ALIGN (0x4)
                0x00000000080025a8                PROVIDE (__init_array_start = .)
 *(SORT_BY_NAME(.init_array.*))
 *(.init_array*)
 .init_array    0x00000000080025a8        0x4 d:/stm32/stm32cubeide_1.7.0/stm32cubeide/plugins/com.st.stm32cube.ide.mcu.externaltools.gnu-tools-for-stm32.9-2020-q2-update.win32_2.0.0.202105311346/tools/bin/../lib/gcc/arm-none-eabi/9.3.1/thumb/v7-m/nofp/crtbegin.o
                0x00000000080025ac                PROVIDE (__init_array_end = .)
                0x00000000080025ac                . = ALIGN (0x4)

.fini_array     0x00000000080025ac        0x4
                0x00000000080025ac                . = ALIGN (0x4)
                [!provide]                        PROVIDE (__fini_array_start = .)
 *(SORT_BY_NAME(.fini_array.*))
 *(.fini_array*)
 .fini_array    0x00000000080025ac        0x4 d:/stm32/stm32cubeide_1.7.0/stm32cubeide/plugins/com.st.stm32cube.ide.mcu.externaltools.gnu-tools-for-stm32.9-2020-q2-update.win32_2.0.0.202105311346/tools/bin/../lib/gcc/arm-none-eabi/9.3.1/thumb/v7-m/nofp/crtbegin.o
                [!provide]                        PROVIDE (__fini_array_end = .)
                0x00000000080025b0                . = ALIGN (0x4)
                0x00000000080025b0                _sidata = LOADADDR (.data)

.data           0x0000000020000000       0x24 load address 0x00000000080025b0
                0x0000000020000000                . = ALIGN (0x4)
                0x0000000020000000                _sdata = .
 *(.data)
 *(.data*)
 .data.buttonPin
                0x0000000020000000        0x6 ./Core/Src/input_reading.o
 *fill*         0x0000000020000006        0x2 
 .data.mode     0x0000000020000008        0x4 ./Core/Src/processing.o
 .data.SystemCoreClock
                0x000000002000000c        0x4 ./Core/Src/system_stm32f1xx.o
                0x000000002000000c                SystemCoreClock
 .data.red_time
                0x0000000020000010        0x4 ./Core/Src/traffic_led.o
 .data.yellow_time
                0x0000000020000014        0x4 ./Core/Src/traffic_led.o
 .data.green_time
                0x0000000020000018        0x4 ./Core/Src/traffic_led.o
 .data.uwTickPrio
                0x000000002000001c        0x4 ./Drivers/STM32F1xx_HAL_Driver/Src/stm32f1xx_hal.o
                0x000000002000001c                uwTickPrio
 .data.uwTickFreq
                0x0000000020000020        0x1 ./Drivers/STM32F1xx_HAL_Driver/Src/stm32f1xx_hal.o
                0x0000000020000020                uwTickFreq
 *(.RamFunc)
 *(.RamFunc*)
                0x0000000020000024                . = ALIGN (0x4)
 *fill*         0x0000000020000021        0x3 
                0x0000000020000024                _edata = .

.igot.plt       0x0000000020000024        0x0 load address 0x00000000080025d4
 .igot.plt      0x0000000020000024        0x0 d:/stm32/stm32cubeide_1.7.0/stm32cubeide/plugins/com.st.stm32cube.ide.mcu.externaltools.gnu-tools-for-stm32.9-2020-q2-update.win32_2.0.0.202105311346/tools/bin/../lib/gcc/arm-none-eabi/9.3.1/thumb/v7-m/nofp/crtbegin.o
                0x0000000020000024                . = ALIGN (0x4)

.bss            0x0000000020000024       0xc0 load address 0x00000000080025d4
                0x0000000020000024                _sbss = .
                0x0000000020000024                __bss_start__ = _sbss
 *(.bss)
 .bss           0x0000000020000024       0x1c d:/stm32/stm32cubeide_1.7.0/stm32cubeide/plugins/com.st.stm32cube.ide.mcu.externaltools.gnu-tools-for-stm32.9-2020-q2-update.win32_2.0.0.202105311346/tools/bin/../lib/gcc/arm-none-eabi/9.3.1/thumb/v7-m/nofp/crtbegin.o
 *(.bss*)
 .bss.buttonBuffer
                0x0000000020000040        0x3 ./Core/Src/input_reading.o
 *fill*         0x0000000020000043        0x1 
 .bss.debounce1
                0x0000000020000044        0x3 ./Core/Src/input_reading.o
 *fill*         0x0000000020000047        0x1 
 .bss.debounce2
                0x0000000020000048        0x3 ./Core/Src/input_reading.o
 *fill*         0x000000002000004b        0x1 
 .bss.button_flag
                0x000000002000004c        0xc ./Core/Src/processing.o
 .bss.blink_state.6007
                0x0000000020000058        0x4 ./Core/Src/processing.o
 .bss.led_buffer
                0x000000002000005c       0x10 ./Core/Src/seven_segment.o
                0x000000002000005c                led_buffer
 .bss.index.5972
                0x000000002000006c        0x4 ./Core/Src/seven_segment.o
 .bss.timer0_counter
                0x0000000020000070        0x4 ./Core/Src/timer.o
                0x0000000020000070                timer0_counter
 .bss.timer0_flag
                0x0000000020000074        0x4 ./Core/Src/timer.o
                0x0000000020000074                timer0_flag
 .bss.timer1_counter
                0x0000000020000078        0x4 ./Core/Src/timer.o
                0x0000000020000078                timer1_counter
 .bss.timer1_flag
                0x000000002000007c        0x4 ./Core/Src/timer.o
                0x000000002000007c                timer1_flag
 .bss.timer2_counter
                0x0000000020000080        0x4 ./Core/Src/timer.o
                0x0000000020000080                timer2_counter
 .bss.timer2_flag
                0x0000000020000084        0x4 ./Core/Src/timer.o
                0x0000000020000084                timer2_flag
 .bss.timer3_counter
                0x0000000020000088        0x4 ./Core/Src/timer.o
                0x0000000020000088                timer3_counter
 .bss.timer3_flag
                0x000000002000008c        0x4 ./Core/Src/timer.o
                0x000000002000008c                timer3_flag
 .bss.counter_NS
                0x0000000020000090        0x4 ./Core/Src/traffic_led.o
                0x0000000020000090                counter_NS
 .bss.state     0x0000000020000094        0x4 ./Core/Src/traffic_led.o
 *(COMMON)
 COMMON         0x0000000020000098       0x48 ./Core/Src/main.o
                0x0000000020000098                htim2
 COMMON         0x00000000200000e0        0x4 ./Drivers/STM32F1xx_HAL_Driver/Src/stm32f1xx_hal.o
                0x00000000200000e0                uwTick
                0x00000000200000e4                . = ALIGN (0x4)
                0x00000000200000e4                _ebss = .
                0x00000000200000e4                __bss_end__ = _ebss

._user_heap_stack
                0x00000000200000e4      0x604 load address 0x00000000080025d4
                0x00000000200000e8                . = ALIGN (0x8)
 *fill*         0x00000000200000e4        0x4 
                [!provide]                        PROVIDE (end = .)
                0x00000000200000e8                PROVIDE (_end = .)
                0x00000000200002e8                . = (. + _Min_Heap_Size)
 *fill*         0x00000000200000e8      0x200 
                0x00000000200006e8                . = (. + _Min_Stack_Size)
 *fill*         0x00000000200002e8      0x400 
                0x00000000200006e8                . = ALIGN (0x8)

/DISCARD/
 libc.a(*)
 libm.a(*)
 libgcc.a(*)

.ARM.attributes
                0x0000000000000000       0x29
 *(.ARM.attributes)
 .ARM.attributes
                0x0000000000000000       0x1d d:/stm32/stm32cubeide_1.7.0/stm32cubeide/plugins/com.st.stm32cube.ide.mcu.externaltools.gnu-tools-for-stm32.9-2020-q2-update.win32_2.0.0.202105311346/tools/bin/../lib/gcc/arm-none-eabi/9.3.1/thumb/v7-m/nofp/crti.o
 .ARM.attributes
                0x000000000000001d       0x2d d:/stm32/stm32cubeide_1.7.0/stm32cubeide/plugins/com.st.stm32cube.ide.mcu.externaltools.gnu-tools-for-stm32.9-2020-q2-update.win32_2.0.0.202105311346/tools/bin/../lib/gcc/arm-none-eabi/9.3.1/thumb/v7-m/nofp/crtbegin.o
 .ARM.attributes
                0x000000000000004a       0x2d ./Core/Src/input_reading.o
 .ARM.attributes
                0x0000000000000077       0x2d ./Core/Src/main.o
 .ARM.attributes
                0x00000000000000a4       0x2d ./Core/Src/processing.o
 .ARM.attributes
                0x00000000000000d1       0x2d ./Core/Src/seven_segment.o
 .ARM.attributes
                0x00000000000000fe       0x2d ./Core/Src/stm32f1xx_hal_msp.o
 .ARM.attributes
                0x000000000000012b       0x2d ./Core/Src/stm32f1xx_it.o
 .ARM.attributes
                0x0000000000000158       0x2d ./Core/Src/system_stm32f1xx.o
 .ARM.attributes
                0x0000000000000185       0x2d ./Core/Src/timer.o
 .ARM.attributes
                0x00000000000001b2       0x2d ./Core/Src/traffic_led.o
 .ARM.attributes
                0x00000000000001df       0x21 ./Core/Startup/startup_stm32f103c6ux.o
 .ARM.attributes
                0x0000000000000200       0x2d ./Drivers/STM32F1xx_HAL_Driver/Src/stm32f1xx_hal.o
 .ARM.attributes
                0x000000000000022d       0x2d ./Drivers/STM32F1xx_HAL_Driver/Src/stm32f1xx_hal_cortex.o
 .ARM.attributes
                0x000000000000025a       0x2d ./Drivers/STM32F1xx_HAL_Driver/Src/stm32f1xx_hal_gpio.o
 .ARM.attributes
                0x0000000000000287       0x2d ./Drivers/STM32F1xx_HAL_Driver/Src/stm32f1xx_hal_rcc.o
 .ARM.attributes
                0x00000000000002b4       0x2d ./Drivers/STM32F1xx_HAL_Driver/Src/stm32f1xx_hal_tim.o
 .ARM.attributes
                0x00000000000002e1       0x2d ./Drivers/STM32F1xx_HAL_Driver/Src/stm32f1xx_hal_tim_ex.o
 .ARM.attributes
                0x000000000000030e       0x2d d:/stm32/stm32cubeide_1.7.0/stm32cubeide/plugins/com.st.stm32cube.ide.mcu.externaltools.gnu-tools-for-stm32.9-2020-q2-update.win32_2.0.0.202105311346/tools/bin/../lib/gcc/arm-none-eabi/9.3.1/../../../../arm-none-eabi/lib/thumb/v7-m/nofp\libc_nano.a(lib_a-init.o)
 .ARM.attributes
                0x000000000000033b       0x2d d:/stm32/stm32cubeide_1.7.0/stm32cubeide/plugins/com.st.stm32cube.ide.mcu.externaltools.gnu-tools-for-stm32.9-2020-q2-update.win32_2.0.0.202105311346/tools/bin/../lib/gcc/arm-none-eabi/9.3.1/../../../../arm-none-eabi/lib/thumb/v7-m/nofp\libc_nano.a(lib_a-memset.o)
 .ARM.attributes
                0x0000000000000368       0x1d d:/stm32/stm32cubeide_1.7.0/stm32cubeide/plugins/com.st.stm32cube.ide.mcu.externaltools.gnu-tools-for-stm32.9-2020-q2-update.win32_2.0.0.202105311346/tools/bin/../lib/gcc/arm-none-eabi/9.3.1/thumb/v7-m/nofp/crtn.o
OUTPUT(l3e1.elf elf32-littlearm)
LOAD linker stubs
LOAD d:/stm32/stm32cubeide_1.7.0/stm32cubeide/plugins/com.st.stm32cube.ide.mcu.externaltools.gnu-tools-for-stm32.9-2020-q2-update.win32_2.0.0.202105311346/tools/bin/../lib/gcc/arm-none-eabi/9.3.1/../../../../arm-none-eabi/lib/thumb/v7-m/nofp\libc.a
LOAD d:/stm32/stm32cubeide_1.7.0/stm32cubeide/plugins/com.st.stm32cube.ide.mcu.externaltools.gnu-tools-for-stm32.9-2020-q2-update.win32_2.0.0.202105311346/tools/bin/../lib/gcc/arm-none-eabi/9.3.1/../../../../arm-none-eabi/lib/thumb/v7-m/nofp\libm.a
LOAD d:/stm32/stm32cubeide_1.7.0/stm32cubeide/plugins/com.st.stm32cube.ide.mcu.externaltools.gnu-tools-for-stm32.9-2020-q2-update.win32_2.0.0.202105311346/tools/bin/../lib/gcc/arm-none-eabi/9.3.1/thumb/v7-m/nofp\libgcc.a

.debug_info     0x0000000000000000     0x9511
 .debug_info    0x0000000000000000      0x323 ./Core/Src/input_reading.o
 .debug_info    0x0000000000000323      0xbc2 ./Core/Src/main.o
 .debug_info    0x0000000000000ee5      0x343 ./Core/Src/processing.o
 .debug_info    0x0000000000001228      0x335 ./Core/Src/seven_segment.o
 .debug_info    0x000000000000155d      0xa09 ./Core/Src/stm32f1xx_hal_msp.o
 .debug_info    0x0000000000001f66      0x7b9 ./Core/Src/stm32f1xx_it.o
 .debug_info    0x000000000000271f      0x2be ./Core/Src/system_stm32f1xx.o
 .debug_info    0x00000000000029dd      0x2d6 ./Core/Src/timer.o
 .debug_info    0x0000000000002cb3      0x3ed ./Core/Src/traffic_led.o
 .debug_info    0x00000000000030a0       0x22 ./Core/Startup/startup_stm32f103c6ux.o
 .debug_info    0x00000000000030c2      0x74c ./Drivers/STM32F1xx_HAL_Driver/Src/stm32f1xx_hal.o
 .debug_info    0x000000000000380e      0xbbe ./Drivers/STM32F1xx_HAL_Driver/Src/stm32f1xx_hal_cortex.o
 .debug_info    0x00000000000043cc      0x701 ./Drivers/STM32F1xx_HAL_Driver/Src/stm32f1xx_hal_gpio.o
 .debug_info    0x0000000000004acd      0x893 ./Drivers/STM32F1xx_HAL_Driver/Src/stm32f1xx_hal_rcc.o
 .debug_info    0x0000000000005360     0x2c32 ./Drivers/STM32F1xx_HAL_Driver/Src/stm32f1xx_hal_tim.o
 .debug_info    0x0000000000007f92     0x157f ./Drivers/STM32F1xx_HAL_Driver/Src/stm32f1xx_hal_tim_ex.o

.debug_abbrev   0x0000000000000000     0x1bce
 .debug_abbrev  0x0000000000000000      0x16e ./Core/Src/input_reading.o
 .debug_abbrev  0x000000000000016e      0x22c ./Core/Src/main.o
 .debug_abbrev  0x000000000000039a      0x139 ./Core/Src/processing.o
 .debug_abbrev  0x00000000000004d3      0x19d ./Core/Src/seven_segment.o
 .debug_abbrev  0x0000000000000670      0x1b7 ./Core/Src/stm32f1xx_hal_msp.o
 .debug_abbrev  0x0000000000000827      0x176 ./Core/Src/stm32f1xx_it.o
 .debug_abbrev  0x000000000000099d      0x14e ./Core/Src/system_stm32f1xx.o
 .debug_abbrev  0x0000000000000aeb      0x121 ./Core/Src/timer.o
 .debug_abbrev  0x0000000000000c0c      0x191 ./Core/Src/traffic_led.o
 .debug_abbrev  0x0000000000000d9d       0x12 ./Core/Startup/startup_stm32f103c6ux.o
 .debug_abbrev  0x0000000000000daf      0x1ed ./Drivers/STM32F1xx_HAL_Driver/Src/stm32f1xx_hal.o
 .debug_abbrev  0x0000000000000f9c      0x313 ./Drivers/STM32F1xx_HAL_Driver/Src/stm32f1xx_hal_cortex.o
 .debug_abbrev  0x00000000000012af      0x1e8 ./Drivers/STM32F1xx_HAL_Driver/Src/stm32f1xx_hal_gpio.o
 .debug_abbrev  0x0000000000001497      0x273 ./Drivers/STM32F1xx_HAL_Driver/Src/stm32f1xx_hal_rcc.o
 .debug_abbrev  0x000000000000170a      0x25e ./Drivers/STM32F1xx_HAL_Driver/Src/stm32f1xx_hal_tim.o
 .debug_abbrev  0x0000000000001968      0x266 ./Drivers/STM32F1xx_HAL_Driver/Src/stm32f1xx_hal_tim_ex.o

.debug_aranges  0x0000000000000000      0xa68
 .debug_aranges
                0x0000000000000000       0x30 ./Core/Src/input_reading.o
 .debug_aranges
                0x0000000000000030       0x48 ./Core/Src/main.o
 .debug_aranges
                0x0000000000000078       0x30 ./Core/Src/processing.o
 .debug_aranges
                0x00000000000000a8       0x38 ./Core/Src/seven_segment.o
 .debug_aranges
                0x00000000000000e0       0x30 ./Core/Src/stm32f1xx_hal_msp.o
 .debug_aranges
                0x0000000000000110       0x68 ./Core/Src/stm32f1xx_it.o
 .debug_aranges
                0x0000000000000178       0x28 ./Core/Src/system_stm32f1xx.o
 .debug_aranges
                0x00000000000001a0       0x40 ./Core/Src/timer.o
 .debug_aranges
                0x00000000000001e0       0x60 ./Core/Src/traffic_led.o
 .debug_aranges
                0x0000000000000240       0x28 ./Core/Startup/startup_stm32f103c6ux.o
 .debug_aranges
                0x0000000000000268       0xe0 ./Drivers/STM32F1xx_HAL_Driver/Src/stm32f1xx_hal.o
 .debug_aranges
                0x0000000000000348      0x100 ./Drivers/STM32F1xx_HAL_Driver/Src/stm32f1xx_hal_cortex.o
 .debug_aranges
                0x0000000000000448       0x58 ./Drivers/STM32F1xx_HAL_Driver/Src/stm32f1xx_hal_gpio.o
 .debug_aranges
                0x00000000000004a0       0x90 ./Drivers/STM32F1xx_HAL_Driver/Src/stm32f1xx_hal_rcc.o
 .debug_aranges
                0x0000000000000530      0x3d0 ./Drivers/STM32F1xx_HAL_Driver/Src/stm32f1xx_hal_tim.o
 .debug_aranges
                0x0000000000000900      0x168 ./Drivers/STM32F1xx_HAL_Driver/Src/stm32f1xx_hal_tim_ex.o

.debug_ranges   0x0000000000000000      0x970
 .debug_ranges  0x0000000000000000       0x20 ./Core/Src/input_reading.o
 .debug_ranges  0x0000000000000020       0x38 ./Core/Src/main.o
 .debug_ranges  0x0000000000000058       0x20 ./Core/Src/processing.o
 .debug_ranges  0x0000000000000078       0x28 ./Core/Src/seven_segment.o
 .debug_ranges  0x00000000000000a0       0x20 ./Core/Src/stm32f1xx_hal_msp.o
 .debug_ranges  0x00000000000000c0       0x58 ./Core/Src/stm32f1xx_it.o
 .debug_ranges  0x0000000000000118       0x18 ./Core/Src/system_stm32f1xx.o
 .debug_ranges  0x0000000000000130       0x30 ./Core/Src/timer.o
 .debug_ranges  0x0000000000000160       0x50 ./Core/Src/traffic_led.o
 .debug_ranges  0x00000000000001b0       0x20 ./Core/Startup/startup_stm32f103c6ux.o
 .debug_ranges  0x00000000000001d0       0xd0 ./Drivers/STM32F1xx_HAL_Driver/Src/stm32f1xx_hal.o
 .debug_ranges  0x00000000000002a0       0xf0 ./Drivers/STM32F1xx_HAL_Driver/Src/stm32f1xx_hal_cortex.o
 .debug_ranges  0x0000000000000390       0x48 ./Drivers/STM32F1xx_HAL_Driver/Src/stm32f1xx_hal_gpio.o
 .debug_ranges  0x00000000000003d8       0x80 ./Drivers/STM32F1xx_HAL_Driver/Src/stm32f1xx_hal_rcc.o
 .debug_ranges  0x0000000000000458      0x3c0 ./Drivers/STM32F1xx_HAL_Driver/Src/stm32f1xx_hal_tim.o
 .debug_ranges  0x0000000000000818      0x158 ./Drivers/STM32F1xx_HAL_Driver/Src/stm32f1xx_hal_tim_ex.o

.debug_macro    0x0000000000000000    0x16bf0
 .debug_macro   0x0000000000000000      0x1c2 ./Core/Src/input_reading.o
 .debug_macro   0x00000000000001c2      0xa9c ./Core/Src/input_reading.o
 .debug_macro   0x0000000000000c5e      0x215 ./Core/Src/input_reading.o
 .debug_macro   0x0000000000000e73       0x2e ./Core/Src/input_reading.o
 .debug_macro   0x0000000000000ea1       0x22 ./Core/Src/input_reading.o
 .debug_macro   0x0000000000000ec3       0x22 ./Core/Src/input_reading.o
 .debug_macro   0x0000000000000ee5       0x8e ./Core/Src/input_reading.o
 .debug_macro   0x0000000000000f73       0x51 ./Core/Src/input_reading.o
 .debug_macro   0x0000000000000fc4      0x103 ./Core/Src/input_reading.o
 .debug_macro   0x00000000000010c7       0x6a ./Core/Src/input_reading.o
 .debug_macro   0x0000000000001131      0x1df ./Core/Src/input_reading.o
 .debug_macro   0x0000000000001310       0x1c ./Core/Src/input_reading.o
 .debug_macro   0x000000000000132c       0x22 ./Core/Src/input_reading.o
 .debug_macro   0x000000000000134e       0xc3 ./Core/Src/input_reading.o
 .debug_macro   0x0000000000001411      0xd23 ./Core/Src/input_reading.o
 .debug_macro   0x0000000000002134     0xde75 ./Core/Src/input_reading.o
 .debug_macro   0x000000000000ffa9       0x6d ./Core/Src/input_reading.o
 .debug_macro   0x0000000000010016     0x34a2 ./Core/Src/input_reading.o
 .debug_macro   0x00000000000134b8      0x174 ./Core/Src/input_reading.o
 .debug_macro   0x000000000001362c       0x5c ./Core/Src/input_reading.o
 .debug_macro   0x0000000000013688      0x5bc ./Core/Src/input_reading.o
 .debug_macro   0x0000000000013c44      0x1b7 ./Core/Src/input_reading.o
 .debug_macro   0x0000000000013dfb      0x1cb ./Core/Src/input_reading.o
 .debug_macro   0x0000000000013fc6      0x114 ./Core/Src/input_reading.o
 .debug_macro   0x00000000000140da      0x1b2 ./Core/Src/input_reading.o
 .debug_macro   0x000000000001428c       0x27 ./Core/Src/input_reading.o
 .debug_macro   0x00000000000142b3      0x12f ./Core/Src/input_reading.o
 .debug_macro   0x00000000000143e2      0x1bc ./Core/Src/input_reading.o
 .debug_macro   0x000000000001459e       0x34 ./Core/Src/input_reading.o
 .debug_macro   0x00000000000145d2       0x3c ./Core/Src/input_reading.o
 .debug_macro   0x000000000001460e       0x57 ./Core/Src/input_reading.o
 .debug_macro   0x0000000000014665       0x87 ./Core/Src/input_reading.o
 .debug_macro   0x00000000000146ec      0x183 ./Core/Src/input_reading.o
 .debug_macro   0x000000000001486f      0x140 ./Core/Src/input_reading.o
 .debug_macro   0x00000000000149af      0x8ed ./Core/Src/input_reading.o
 .debug_macro   0x000000000001529c       0x69 ./Core/Src/input_reading.o
 .debug_macro   0x0000000000015305       0xf4 ./Core/Src/input_reading.o
 .debug_macro   0x00000000000153f9      0x1ce ./Core/Src/main.o
 .debug_macro   0x00000000000155c7      0x1d7 ./Core/Src/processing.o
 .debug_macro   0x000000000001579e       0x10 ./Core/Src/processing.o
 .debug_macro   0x00000000000157ae      0x1b0 ./Core/Src/seven_segment.o
 .debug_macro   0x000000000001595e      0x1a6 ./Core/Src/stm32f1xx_hal_msp.o
 .debug_macro   0x0000000000015b04      0x1b0 ./Core/Src/stm32f1xx_it.o
 .debug_macro   0x0000000000015cb4      0x197 ./Core/Src/system_stm32f1xx.o
 .debug_macro   0x0000000000015e4b      0x1b6 ./Core/Src/timer.o
 .debug_macro   0x0000000000016001      0x1c3 ./Core/Src/traffic_led.o
 .debug_macro   0x00000000000161c4      0x1bb ./Drivers/STM32F1xx_HAL_Driver/Src/stm32f1xx_hal.o
 .debug_macro   0x000000000001637f      0x197 ./Drivers/STM32F1xx_HAL_Driver/Src/stm32f1xx_hal_cortex.o
 .debug_macro   0x0000000000016516      0x202 ./Drivers/STM32F1xx_HAL_Driver/Src/stm32f1xx_hal_gpio.o
 .debug_macro   0x0000000000016718      0x1a9 ./Drivers/STM32F1xx_HAL_Driver/Src/stm32f1xx_hal_rcc.o
 .debug_macro   0x00000000000168c1      0x198 ./Drivers/STM32F1xx_HAL_Driver/Src/stm32f1xx_hal_tim.o
 .debug_macro   0x0000000000016a59      0x197 ./Drivers/STM32F1xx_HAL_Driver/Src/stm32f1xx_hal_tim_ex.o

.debug_line     0x0000000000000000     0xb8a7
 .debug_line    0x0000000000000000      0x709 ./Core/Src/input_reading.o
 .debug_line    0x0000000000000709      0x7b3 ./Core/Src/main.o
 .debug_line    0x0000000000000ebc      0x7dc ./Core/Src/processing.o
 .debug_line    0x0000000000001698      0x712 ./Core/Src/seven_segment.o
 .debug_line    0x0000000000001daa      0x6ad ./Core/Src/stm32f1xx_hal_msp.o
 .debug_line    0x0000000000002457      0x74b ./Core/Src/stm32f1xx_it.o
 .debug_line    0x0000000000002ba2      0x6ef ./Core/Src/system_stm32f1xx.o
 .debug_line    0x0000000000003291      0x729 ./Core/Src/timer.o
 .debug_line    0x00000000000039ba      0x7e1 ./Core/Src/traffic_led.o
 .debug_line    0x000000000000419b       0x86 ./Core/Startup/startup_stm32f103c6ux.o
 .debug_line    0x0000000000004221      0x91c ./Drivers/STM32F1xx_HAL_Driver/Src/stm32f1xx_hal.o
 .debug_line    0x0000000000004b3d      0xb04 ./Drivers/STM32F1xx_HAL_Driver/Src/stm32f1xx_hal_cortex.o
 .debug_line    0x0000000000005641      0x99f ./Drivers/STM32F1xx_HAL_Driver/Src/stm32f1xx_hal_gpio.o
 .debug_line    0x0000000000005fe0      0xd28 ./Drivers/STM32F1xx_HAL_Driver/Src/stm32f1xx_hal_rcc.o
 .debug_line    0x0000000000006d08     0x336d ./Drivers/STM32F1xx_HAL_Driver/Src/stm32f1xx_hal_tim.o
 .debug_line    0x000000000000a075     0x1832 ./Drivers/STM32F1xx_HAL_Driver/Src/stm32f1xx_hal_tim_ex.o

.debug_str      0x0000000000000000    0x8238c
 .debug_str     0x0000000000000000    0x7f7cc ./Core/Src/input_reading.o
                                      0x7fb1f (size before relaxing)
 .debug_str     0x000000000007f7cc      0x73e ./Core/Src/main.o
                                      0x8022c (size before relaxing)
 .debug_str     0x000000000007ff0a       0xbd ./Core/Src/processing.o
                                      0x7fb43 (size before relaxing)
 .debug_str     0x000000000007ffc7       0x58 ./Core/Src/seven_segment.o
                                      0x7fa95 (size before relaxing)
 .debug_str     0x000000000008001f      0x2ba ./Core/Src/stm32f1xx_hal_msp.o
                                      0x80206 (size before relaxing)
 .debug_str     0x00000000000802d9       0xcd ./Core/Src/stm32f1xx_it.o
                                      0x7ff68 (size before relaxing)
 .debug_str     0x00000000000803a6       0x52 ./Core/Src/system_stm32f1xx.o
                                      0x7f776 (size before relaxing)
 .debug_str     0x00000000000803f8       0x8a ./Core/Src/timer.o
                                      0x7fab7 (size before relaxing)
 .debug_str     0x0000000000080482       0x9f ./Core/Src/traffic_led.o
                                      0x7fb3d (size before relaxing)
 .debug_str     0x0000000000080521       0x36 ./Core/Startup/startup_stm32f103c6ux.o
                                         0x6a (size before relaxing)
 .debug_str     0x0000000000080557      0x304 ./Drivers/STM32F1xx_HAL_Driver/Src/stm32f1xx_hal.o
                                      0x7fdcd (size before relaxing)
 .debug_str     0x000000000008085b      0x300 ./Drivers/STM32F1xx_HAL_Driver/Src/stm32f1xx_hal_cortex.o
                                      0x7fdd5 (size before relaxing)
 .debug_str     0x0000000000080b5b      0x316 ./Drivers/STM32F1xx_HAL_Driver/Src/stm32f1xx_hal_gpio.o
                                      0x7fb3a (size before relaxing)
 .debug_str     0x0000000000080e71      0x24f ./Drivers/STM32F1xx_HAL_Driver/Src/stm32f1xx_hal_rcc.o
                                      0x7fb73 (size before relaxing)
 .debug_str     0x00000000000810c0      0xdde ./Drivers/STM32F1xx_HAL_Driver/Src/stm32f1xx_hal_tim.o
                                      0x80b5c (size before relaxing)
 .debug_str     0x0000000000081e9e      0x4ee ./Drivers/STM32F1xx_HAL_Driver/Src/stm32f1xx_hal_tim_ex.o
                                      0x802fd (size before relaxing)

.comment        0x0000000000000000       0x53
 .comment       0x0000000000000000       0x53 ./Core/Src/input_reading.o
                                         0x54 (size before relaxing)
 .comment       0x0000000000000053       0x54 ./Core/Src/main.o
 .comment       0x0000000000000053       0x54 ./Core/Src/processing.o
 .comment       0x0000000000000053       0x54 ./Core/Src/seven_segment.o
 .comment       0x0000000000000053       0x54 ./Core/Src/stm32f1xx_hal_msp.o
 .comment       0x0000000000000053       0x54 ./Core/Src/stm32f1xx_it.o
 .comment       0x0000000000000053       0x54 ./Core/Src/system_stm32f1xx.o
 .comment       0x0000000000000053       0x54 ./Core/Src/timer.o
 .comment       0x0000000000000053       0x54 ./Core/Src/traffic_led.o
 .comment       0x0000000000000053       0x54 ./Drivers/STM32F1xx_HAL_Driver/Src/stm32f1xx_hal.o
 .comment       0x0000000000000053       0x54 ./Drivers/STM32F1xx_HAL_Driver/Src/stm32f1xx_hal_cortex.o
 .comment       0x0000000000000053       0x54 ./Drivers/STM32F1xx_HAL_Driver/Src/stm32f1xx_hal_gpio.o
 .comment       0x0000000000000053       0x54 ./Drivers/STM32F1xx_HAL_Driver/Src/stm32f1xx_hal_rcc.o
 .comment       0x0000000000000053       0x54 ./Drivers/STM32F1xx_HAL_Driver/Src/stm32f1xx_hal_tim.o
 .comment       0x0000000000000053       0x54 ./Drivers/STM32F1xx_HAL_Driver/Src/stm32f1xx_hal_tim_ex.o

.debug_frame    0x0000000000000000     0x295c
 .debug_frame   0x0000000000000000       0x84 ./Core/Src/input_reading.o
 .debug_frame   0x0000000000000084       0xd4 ./Core/Src/main.o
 .debug_frame   0x0000000000000158       0x70 ./Core/Src/processing.o
 .debug_frame   0x00000000000001c8       0xa0 ./Core/Src/seven_segment.o
 .debug_frame   0x0000000000000268       0x80 ./Core/Src/stm32f1xx_hal_msp.o
 .debug_frame   0x00000000000002e8      0x120 ./Core/Src/stm32f1xx_it.o
 .debug_frame   0x0000000000000408       0x58 ./Core/Src/system_stm32f1xx.o
 .debug_frame   0x0000000000000460       0xd0 ./Core/Src/timer.o
 .debug_frame   0x0000000000000530      0x134 ./Core/Src/traffic_led.o
 .debug_frame   0x0000000000000664      0x334 ./Drivers/STM32F1xx_HAL_Driver/Src/stm32f1xx_hal.o
 .debug_frame   0x0000000000000998      0x428 ./Drivers/STM32F1xx_HAL_Driver/Src/stm32f1xx_hal_cortex.o
 .debug_frame   0x0000000000000dc0      0x14c ./Drivers/STM32F1xx_HAL_Driver/Src/stm32f1xx_hal_gpio.o
 .debug_frame   0x0000000000000f0c      0x218 ./Drivers/STM32F1xx_HAL_Driver/Src/stm32f1xx_hal_rcc.o
 .debug_frame   0x0000000000001124     0x11b4 ./Drivers/STM32F1xx_HAL_Driver/Src/stm32f1xx_hal_tim.o
 .debug_frame   0x00000000000022d8      0x638 ./Drivers/STM32F1xx_HAL_Driver/Src/stm32f1xx_hal_tim_ex.o
 .debug_frame   0x0000000000002910       0x2c d:/stm32/stm32cubeide_1.7.0/stm32cubeide/plugins/com.st.stm32cube.ide.mcu.externaltools.gnu-tools-for-stm32.9-2020-q2-update.win32_2.0.0.202105311346/tools/bin/../lib/gcc/arm-none-eabi/9.3.1/../../../../arm-none-eabi/lib/thumb/v7-m/nofp\libc_nano.a(lib_a-init.o)
 .debug_frame   0x000000000000293c       0x20 d:/stm32/stm32cubeide_1.7.0/stm32cubeide/plugins/com.st.stm32cube.ide.mcu.externaltools.gnu-tools-for-stm32.9-2020-q2-update.win32_2.0.0.202105311346/tools/bin/../lib/gcc/arm-none-eabi/9.3.1/../../../../arm-none-eabi/lib/thumb/v7-m/nofp\libc_nano.a(lib_a-memset.o)
