Archive member included to satisfy reference by file (symbol)

d:/stm32/stm32cubeide_1.7.0/stm32cubeide/plugins/com.st.stm32cube.ide.mcu.externaltools.gnu-tools-for-stm32.9-2020-q2-update.win32_2.0.0.202105311346/tools/bin/../lib/gcc/arm-none-eabi/9.3.1/../../../../arm-none-eabi/lib/thumb/v7-m/nofp\libc_nano.a(lib_a-errno.o)
                              ./Core/Src/syscalls.o (__errno)
d:/stm32/stm32cubeide_1.7.0/stm32cubeide/plugins/com.st.stm32cube.ide.mcu.externaltools.gnu-tools-for-stm32.9-2020-q2-update.win32_2.0.0.202105311346/tools/bin/../lib/gcc/arm-none-eabi/9.3.1/../../../../arm-none-eabi/lib/thumb/v7-m/nofp\libc_nano.a(lib_a-exit.o)
                              d:/stm32/stm32cubeide_1.7.0/stm32cubeide/plugins/com.st.stm32cube.ide.mcu.externaltools.gnu-tools-for-stm32.9-2020-q2-update.win32_2.0.0.202105311346/tools/bin/../lib/gcc/arm-none-eabi/9.3.1/../../../../arm-none-eabi/lib/thumb/v7-m/nofp/crt0.o (exit)
d:/stm32/stm32cubeide_1.7.0/stm32cubeide/plugins/com.st.stm32cube.ide.mcu.externaltools.gnu-tools-for-stm32.9-2020-q2-update.win32_2.0.0.202105311346/tools/bin/../lib/gcc/arm-none-eabi/9.3.1/../../../../arm-none-eabi/lib/thumb/v7-m/nofp\libc_nano.a(lib_a-impure.o)
                              d:/stm32/stm32cubeide_1.7.0/stm32cubeide/plugins/com.st.stm32cube.ide.mcu.externaltools.gnu-tools-for-stm32.9-2020-q2-update.win32_2.0.0.202105311346/tools/bin/../lib/gcc/arm-none-eabi/9.3.1/../../../../arm-none-eabi/lib/thumb/v7-m/nofp\libc_nano.a(lib_a-exit.o) (_global_impure_ptr)
d:/stm32/stm32cubeide_1.7.0/stm32cubeide/plugins/com.st.stm32cube.ide.mcu.externaltools.gnu-tools-for-stm32.9-2020-q2-update.win32_2.0.0.202105311346/tools/bin/../lib/gcc/arm-none-eabi/9.3.1/../../../../arm-none-eabi/lib/thumb/v7-m/nofp\libc_nano.a(lib_a-init.o)
                              d:/stm32/stm32cubeide_1.7.0/stm32cubeide/plugins/com.st.stm32cube.ide.mcu.externaltools.gnu-tools-for-stm32.9-2020-q2-update.win32_2.0.0.202105311346/tools/bin/../lib/gcc/arm-none-eabi/9.3.1/../../../../arm-none-eabi/lib/thumb/v7-m/nofp/crt0.o (__libc_init_array)
d:/stm32/stm32cubeide_1.7.0/stm32cubeide/plugins/com.st.stm32cube.ide.mcu.externaltools.gnu-tools-for-stm32.9-2020-q2-update.win32_2.0.0.202105311346/tools/bin/../lib/gcc/arm-none-eabi/9.3.1/../../../../arm-none-eabi/lib/thumb/v7-m/nofp\libc_nano.a(lib_a-memset.o)
                              d:/stm32/stm32cubeide_1.7.0/stm32cubeide/plugins/com.st.stm32cube.ide.mcu.externaltools.gnu-tools-for-stm32.9-2020-q2-update.win32_2.0.0.202105311346/tools/bin/../lib/gcc/arm-none-eabi/9.3.1/../../../../arm-none-eabi/lib/thumb/v7-m/nofp/crt0.o (memset)

Allocating common symbols
Common symbol       size              file

uwTick              0x4               ./Drivers/STM32F1xx_HAL_Driver/Src/stm32f1xx_hal.o
pFlash              0x20              ./Drivers/STM32F1xx_HAL_Driver/Src/stm32f1xx_hal_flash.o
htim2               0x48              ./Core/Src/main.o

Discarded input sections

 .text          0x0000000000000000        0x0 d:/stm32/stm32cubeide_1.7.0/stm32cubeide/plugins/com.st.stm32cube.ide.mcu.externaltools.gnu-tools-for-stm32.9-2020-q2-update.win32_2.0.0.202105311346/tools/bin/../lib/gcc/arm-none-eabi/9.3.1/thumb/v7-m/nofp/crti.o
 .data          0x0000000000000000        0x0 d:/stm32/stm32cubeide_1.7.0/stm32cubeide/plugins/com.st.stm32cube.ide.mcu.externaltools.gnu-tools-for-stm32.9-2020-q2-update.win32_2.0.0.202105311346/tools/bin/../lib/gcc/arm-none-eabi/9.3.1/thumb/v7-m/nofp/crti.o
 .bss           0x0000000000000000        0x0 d:/stm32/stm32cubeide_1.7.0/stm32cubeide/plugins/com.st.stm32cube.ide.mcu.externaltools.gnu-tools-for-stm32.9-2020-q2-update.win32_2.0.0.202105311346/tools/bin/../lib/gcc/arm-none-eabi/9.3.1/thumb/v7-m/nofp/crti.o
 .data          0x0000000000000000        0x4 d:/stm32/stm32cubeide_1.7.0/stm32cubeide/plugins/com.st.stm32cube.ide.mcu.externaltools.gnu-tools-for-stm32.9-2020-q2-update.win32_2.0.0.202105311346/tools/bin/../lib/gcc/arm-none-eabi/9.3.1/thumb/v7-m/nofp/crtbegin.o
 .text          0x0000000000000000       0x7c d:/stm32/stm32cubeide_1.7.0/stm32cubeide/plugins/com.st.stm32cube.ide.mcu.externaltools.gnu-tools-for-stm32.9-2020-q2-update.win32_2.0.0.202105311346/tools/bin/../lib/gcc/arm-none-eabi/9.3.1/../../../../arm-none-eabi/lib/thumb/v7-m/nofp/crt0.o
 .data          0x0000000000000000        0x0 d:/stm32/stm32cubeide_1.7.0/stm32cubeide/plugins/com.st.stm32cube.ide.mcu.externaltools.gnu-tools-for-stm32.9-2020-q2-update.win32_2.0.0.202105311346/tools/bin/../lib/gcc/arm-none-eabi/9.3.1/../../../../arm-none-eabi/lib/thumb/v7-m/nofp/crt0.o
 .bss           0x0000000000000000        0x0 d:/stm32/stm32cubeide_1.7.0/stm32cubeide/plugins/com.st.stm32cube.ide.mcu.externaltools.gnu-tools-for-stm32.9-2020-q2-update.win32_2.0.0.202105311346/tools/bin/../lib/gcc/arm-none-eabi/9.3.1/../../../../arm-none-eabi/lib/thumb/v7-m/nofp/crt0.o
[...]
Memory Configuration

Name             Origin             Length             Attributes
RAM              0x0000000020000000 0x0000000000002800 xrw
FLASH            0x0000000008000000 0x0000000000008000 xr
*default*        0x0000000000000000 0xffffffffffffffff

Linker script and memory map

LOAD d:/stm32/stm32cubeide_1.7.0/stm32cubeide/plugins/com.st.stm32cube.ide.mcu.externaltools.gnu-tools-for-stm32.9-2020-q2-update.win32_2.0.0.202105311346/tools/bin/../lib/gcc/arm-none-eabi/9.3.1/thumb/v7-m/nofp/crti.o
LOAD d:/stm32/stm32cubeide_1.7.0/stm32cubeide/plugins/com.st.stm32cube.ide.mcu.externaltools.gnu-tools-for-stm32.9-2020-q2-update.win32_2.0.0.202105311346/tools/bin/../lib/gcc/arm-none-eabi/9.3.1/thumb/v7-m/nofp/crtbegin.o
LOAD d:/stm32/stm32cubeide_1.7.0/stm32cubeide/plugins/com.st.stm32cube.ide.mcu.externaltools.gnu-tools-for-stm32.9-2020-q2-update.win32_2.0.0.202105311346/tools/bin/../lib/gcc/arm-none-eabi/9.3.1/../../../../arm-none-eabi/lib/thumb/v7-m/nofp/crt0.o
LOAD ./Core/Src/input_reading.o
LOAD ./Core/Src/main.o
LOAD ./Core/Src/processing.o
LOAD ./Core/Src/seven_segment.o
LOAD ./Core/Src/stm32f1xx_hal_msp.o
LOAD ./Core/Src/stm32f1xx_it.o
LOAD ./Core/Src/syscalls.o
LOAD ./Core/Src/sysmem.o
LOAD ./Core/Src/system_stm32f1xx.o
LOAD ./Core/Src/timer.o
LOAD ./Core/Src/traffic_led.o
LOAD ./Core/Startup/startup_stm32f103c6ux.o
LOAD ./Drivers/STM32F1xx_HAL_Driver/Src/stm32f1xx_hal.o
LOAD ./Drivers/STM32F1xx_HAL_Driver/Src/stm32f1xx_hal_cortex.o
LOAD ./Drivers/STM32F1xx_HAL_Driver/Src/stm32f1xx_hal_dma.o
LOAD ./Drivers/STM32F1xx_HAL_Driver/Src/stm32f1xx_hal_exti.o
LOAD ./Drivers/STM32F1xx_HAL_Driver/Src/stm32f1xx_hal_flash.o
LOAD ./Drivers/STM32F1xx_HAL_Driver/Src/stm32f1xx_hal_flash_ex.o
LOAD ./Drivers/STM32F1xx_HAL_Driver/Src/stm32f1xx_hal_gpio.o
LOAD ./Drivers/STM32F1xx_HAL_Driver/Src/stm32f1xx_hal_gpio_ex.o
LOAD ./Drivers/STM32F1xx_HAL_Driver/Src/stm32f1xx_hal_pwr.o
LOAD ./Drivers/STM32F1xx_HAL_Driver/Src/stm32f1xx_hal_rcc.o
LOAD ./Drivers/STM32F1xx_HAL_Driver/Src/stm32f1xx_hal_rcc_ex.o
LOAD ./Drivers/STM32F1xx_HAL_Driver/Src/stm32f1xx_hal_tim.o
LOAD ./Drivers/STM32F1xx_HAL_Driver/Src/stm32f1xx_hal_tim_ex.o
START GROUP
LOAD d:/stm32/stm32cubeide_1.7.0/stm32cubeide/plugins/com.st.stm32cube.ide.mcu.externaltools.gnu-tools-for-stm32.9-2020-q2-update.win32_2.0.0.202105311346/tools/bin/../lib/gcc/arm-none-eabi/9.3.1/../../../../arm-none-eabi/lib/thumb/v7-m/nofp\libc_nano.a
LOAD d:/stm32/stm32cubeide_1.7.0/stm32cubeide/plugins/com.st.stm32cube.ide.mcu.externaltools.gnu-tools-for-stm32.9-2020-q2-update.win32_2.0.0.202105311346/tools/bin/../lib/gcc/arm-none-eabi/9.3.1/../../../../arm-none-eabi/lib/thumb/v7-m/nofp\libm.a
END GROUP
START GROUP
LOAD d:/stm32/stm32cubeide_1.7.0/stm32cubeide/plugins/com.st.stm32cube.ide.mcu.externaltools.gnu-tools-for-stm32.9-2020-q2-update.win32_2.0.0.202105311346/tools/bin/../lib/gcc/arm-none-eabi/9.3.1/thumb/v7-m/nofp\libgcc.a
LOAD d:/stm32/stm32cubeide_1.7.0/stm32cubeide/plugins/com.st.stm32cube.ide.mcu.externaltools.gnu-tools-for-stm32.9-2020-q2-update.win32_2.0.0.202105311346/tools/bin/../lib/gcc/arm-none-eabi/9.3.1/../../../../arm-none-eabi/lib/thumb/v7-m/nofp\libc_nano.a
END GROUP
START GROUP
LOAD d:/stm32/stm32cubeide_1.7.0/stm32cubeide/plugins/com.st.stm32cube.ide.mcu.externaltools.gnu-tools-for-stm32.9-2020-q2-update.win32_2.0.0.202105311346/tools/bin/../lib/gcc/arm-none-eabi/9.3.1/thumb/v7-m/nofp\libgcc.a
LOAD d:/stm32/stm32cubeide_1.7.0/stm32cubeide/plugins/com.st.stm32cube.ide.mcu.externaltools.gnu-tools-for-stm32.9-2020-q2-update.win32_2.0.0.202105311346/tools/bin/../lib/gcc/arm-none-eabi/9.3.1/../../../../arm-none-eabi/lib/thumb/v7-m/nofp\libc_nano.a
LOAD d:/stm32/stm32cubeide_1.7.0/stm32cubeide/plugins/com.st.stm32cube.ide.mcu.externaltools.gnu-tools-for-stm32.9-2020-q2-update.win32_2.0.0.202105311346/tools/bin/../lib/gcc/arm-none-eabi/9.3.1/../../../../arm-none-eabi/lib/thumb/v7-m/nofp\libnosys.a
END GROUP
START GROUP
LOAD d:/stm32/stm32cubeide_1.7.0/stm32cubeide/plugins/com.st.stm32cube.ide.mcu.externaltools.gnu-tools-for-stm32.9-2020-q2-update.win32_2.0.0.202105311346/tools/bin/../lib/gcc/arm-none-eabi/9.3.1/thumb/v7-m/nofp\libgcc.a
LOAD d:/stm32/stm32cubeide_1.7.0/stm32cubeide/plugins/com.st.stm32cube.ide.mcu.externaltools.gnu-tools-for-stm32.9-2020-q2-update.win32_2.0.0.202105311346/tools/bin/../lib/gcc/arm-none-eabi/9.3.1/../../../../arm-none-eabi/lib/thumb/v7-m/nofp\libc_nano.a
LOAD d:/stm32/stm32cubeide_1.7.0/stm32cubeide/plugins/com.st.stm32cube.ide.mcu.externaltools.gnu-tools-for-stm32.9-2020-q2-update.win32_2.0.0.202105311346/tools/bin/../lib/gcc/arm-none-eabi/9.3.1/../../../../arm-none-eabi/lib/thumb/v7-m/nofp\libnosys.a
END GROUP
LOAD d:/stm32/stm32cubeide_1.7.0/stm32cubeide/plugins/com.st.stm32cube.ide.mcu.externaltools.gnu-tools-for-stm32.9-2020-q2-update.win32_2.0.0.202105311346/tools/bin/../lib/gcc/arm-none-eabi/9.3.1/thumb/v7-m/nofp/crtend.o
LOAD d:/stm32/stm32cubeide_1.7.0/stm32cubeide/plugins/com.st.stm32cube.ide.mcu.externaltools.gnu-tools-for-stm32.9-2020-q2-update.win32_2.0.0.202105311346/tools/bin/../lib/gcc/arm-none-eabi/9.3.1/thumb/v7-m/nofp/crtn.o
                0x0000000020002800                _estack = (ORIGIN (RAM) + LENGTH (RAM))
                0x0000000000000200                _Min_Heap_Size = 0x200
                0x0000000000000400                _Min_Stack_Size = 0x400

.isr_vector     0x0000000008000000      0x10c
                0x0000000008000000                . = ALIGN (0x4)
 *(.isr_vector)
 .isr_vector    0x0000000008000000      0x10c ./Core/Startup/startup_stm32f103c6ux.o
                0x0000000008000000                g_pfnVectors
                0x000000000800010c                . = ALIGN (0x4)

.text           0x000000000800010c     0x24f8
                0x000000000800010c                . = ALIGN (0x4)
 *(.text)
 .text          0x000000000800010c       0x40 d:/stm32/stm32cubeide_1.7.0/stm32cubeide/plugins/com.st.stm32cube.ide.mcu.externaltools.gnu-tools-for-stm32.9-2020-q2-update.win32_2.0.0.202105311346/tools/bin/../lib/gcc/arm-none-eabi/9.3.1/thumb/v7-m/nofp/crtbegin.o
 *(.text*)
 .text.button_reading_Init
                0x000000000800014c       0x50 ./Core/Src/input_reading.o
                0x000000000800014c                button_reading_Init
 .text.button_reading
                0x000000000800019c       0x8c ./Core/Src/input_reading.o
                0x000000000800019c                button_reading
 .text.is_button_pressed
                0x0000000008000228       0x34 ./Core/Src/input_reading.o
                0x0000000008000228                is_button_pressed
 .text.main     0x000000000800025c       0x40 ./Core/Src/main.o
                0x000000000800025c                main
 .text.HAL_TIM_PeriodElapsedCallback
                0x000000000800029c       0x1e ./Core/Src/main.o
                0x000000000800029c                HAL_TIM_PeriodElapsedCallback
 .text.SystemClock_Config
                0x00000000080002ba       0x76 ./Core/Src/main.o
                0x00000000080002ba                SystemClock_Config
 .text.MX_TIM2_Init
                0x0000000008000330       0x98 ./Core/Src/main.o
 .text.MX_GPIO_Init
                0x00000000080003c8       0xc4 ./Core/Src/main.o
 .text.Error_Handler
                0x000000000800048c        0xa ./Core/Src/main.o
                0x000000000800048c                Error_Handler
 *fill*         0x0000000008000496        0x2 
 .text.processing_init
                0x0000000008000498       0x38 ./Core/Src/processing.o
                0x0000000008000498                processing_init
 .text.blink_leds_mode
                0x00000000080004d0      0x138 ./Core/Src/processing.o
                0x00000000080004d0                blink_leds_mode
 .text.processing_run
                0x0000000008000608      0x228 ./Core/Src/processing.o
                0x0000000008000608                processing_run
 .text.upclock  0x0000000008000830       0x4c ./Core/Src/seven_segment.o
                0x0000000008000830                upclock
 .text.upmode   0x000000000800087c       0x24 ./Core/Src/seven_segment.o
                0x000000000800087c                upmode
 .text.display7SEG
                0x00000000080008a0       0xb8 ./Core/Src/seven_segment.o
 .text.scan7SEG
                0x0000000008000958       0x84 ./Core/Src/seven_segment.o
                0x0000000008000958                scan7SEG
 .text.HAL_MspInit
                0x00000000080009dc       0x64 ./Core/Src/stm32f1xx_hal_msp.o
                0x00000000080009dc                HAL_MspInit
 .text.HAL_TIM_Base_MspInit
                0x0000000008000a40       0x48 ./Core/Src/stm32f1xx_hal_msp.o
                0x0000000008000a40                HAL_TIM_Base_MspInit
 .text.NMI_Handler
                0x0000000008000a88        0x6 ./Core/Src/stm32f1xx_it.o
                0x0000000008000a88                NMI_Handler
 .text.HardFault_Handler
                0x0000000008000a8e        0x6 ./Core/Src/stm32f1xx_it.o
                0x0000000008000a8e                HardFault_Handler
 .text.MemManage_Handler
                0x0000000008000a94        0x6 ./Core/Src/stm32f1xx_it.o
                0x0000000008000a94                MemManage_Handler
 .text.BusFault_Handler
                0x0000000008000a9a        0x6 ./Core/Src/stm32f1xx_it.o
                0x0000000008000a9a                BusFault_Handler
 .text.UsageFault_Handler
                0x0000000008000aa0        0x6 ./Core/Src/stm32f1xx_it.o
                0x0000000008000aa0                UsageFault_Handler
 .text.SVC_Handler
                0x0000000008000aa6        0xc ./Core/Src/stm32f1xx_it.o
                0x0000000008000aa6                SVC_Handler
 .text.DebugMon_Handler
                0x0000000008000ab2        0xc ./Core/Src/stm32f1xx_it.o
                0x0000000008000ab2                DebugMon_Handler
 .text.PendSV_Handler
                0x0000000008000abe        0xc ./Core/Src/stm32f1xx_it.o
                0x0000000008000abe                PendSV_Handler
 .text.SysTick_Handler
                0x0000000008000aca        0xc ./Core/Src/stm32f1xx_it.o
                0x0000000008000aca                SysTick_Handler
 *fill*         0x0000000008000ad6        0x2 
 .text.TIM2_IRQHandler
                0x0000000008000ad8       0x14 ./Core/Src/stm32f1xx_it.o
                0x0000000008000ad8                TIM2_IRQHandler
 .text.SystemInit
                0x0000000008000aec        0xc ./Core/Src/system_stm32f1xx.o
                0x0000000008000aec                SystemInit
 .text.setTimer0
                0x0000000008000af8       0x38 ./Core/Src/timer.o
                0x0000000008000af8                setTimer0
 .text.setTimer1
                0x0000000008000b30       0x38 ./Core/Src/timer.o
                0x0000000008000b30                setTimer1
 .text.setTimer3
                0x0000000008000b68       0x38 ./Core/Src/timer.o
                0x0000000008000b68                setTimer3
 .text.timerRun
                0x0000000008000ba0       0xac ./Core/Src/timer.o
                0x0000000008000ba0                timerRun
 .text.setNS    0x0000000008000c4c       0x60 ./Core/Src/traffic_led.o
 .text.setWE    0x0000000008000cac       0x60 ./Core/Src/traffic_led.o
 .text.set_traffic_time
                0x0000000008000d0c       0xc0 ./Core/Src/traffic_led.o
                0x0000000008000d0c                set_traffic_time
 .text.get_red  0x0000000008000dcc       0x14 ./Core/Src/traffic_led.o
                0x0000000008000dcc                get_red
 .text.get_yellow
                0x0000000008000de0       0x14 ./Core/Src/traffic_led.o
                0x0000000008000de0                get_yellow
 .text.get_green
                0x0000000008000df4       0x14 ./Core/Src/traffic_led.o
                0x0000000008000df4                get_green
 .text.turnOffTraffic
                0x0000000008000e08       0x54 ./Core/Src/traffic_led.o
                0x0000000008000e08                turnOffTraffic
 .text.traffic_init
                0x0000000008000e5c       0x38 ./Core/Src/traffic_led.o
                0x0000000008000e5c                traffic_init
 .text.traffic_update
                0x0000000008000e94      0x110 ./Core/Src/traffic_led.o
                0x0000000008000e94                traffic_update
 .text.Reset_Handler
                0x0000000008000fa4       0x48 ./Core/Startup/startup_stm32f103c6ux.o
                0x0000000008000fa4                Reset_Handler
 .text.Default_Handler
                0x0000000008000fec        0x2 ./Core/Startup/startup_stm32f103c6ux.o
                0x0000000008000fec                RTC_Alarm_IRQHandler
                0x0000000008000fec                EXTI2_IRQHandler
                0x0000000008000fec                TIM1_CC_IRQHandler
                0x0000000008000fec                PVD_IRQHandler
                0x0000000008000fec                EXTI3_IRQHandler
                0x0000000008000fec                EXTI0_IRQHandler
                0x0000000008000fec                ADC1_2_IRQHandler
                0x0000000008000fec                SPI1_IRQHandler
                0x0000000008000fec                TAMPER_IRQHandler
                0x0000000008000fec                DMA1_Channel4_IRQHandler
                0x0000000008000fec                RTC_IRQHandler
                0x0000000008000fec                DMA1_Channel7_IRQHandler
                0x0000000008000fec                CAN1_RX1_IRQHandler
                0x0000000008000fec                I2C1_EV_IRQHandler
                0x0000000008000fec                DMA1_Channel6_IRQHandler
                0x0000000008000fec                TIM3_IRQHandler
                0x0000000008000fec                RCC_IRQHandler
                0x0000000008000fec                TIM1_TRG_COM_IRQHandler
                0x0000000008000fec                DMA1_Channel1_IRQHandler
                0x0000000008000fec                Default_Handler
                0x0000000008000fec                EXTI15_10_IRQHandler
                0x0000000008000fec                EXTI9_5_IRQHandler
                0x0000000008000fec                DMA1_Channel5_IRQHandler
                0x0000000008000fec                EXTI4_IRQHandler
                0x0000000008000fec                USB_LP_CAN1_RX0_IRQHandler
                0x0000000008000fec                USB_HP_CAN1_TX_IRQHandler
                0x0000000008000fec                DMA1_Channel3_IRQHandler
                0x0000000008000fec                TIM1_UP_IRQHandler
                0x0000000008000fec                WWDG_IRQHandler
                0x0000000008000fec                TIM1_BRK_IRQHandler
                0x0000000008000fec                EXTI1_IRQHandler
                0x0000000008000fec                USART2_IRQHandler
                0x0000000008000fec                DMA1_Channel2_IRQHandler
                0x0000000008000fec                CAN1_SCE_IRQHandler
                0x0000000008000fec                FLASH_IRQHandler
                0x0000000008000fec                USART1_IRQHandler
                0x0000000008000fec                I2C1_ER_IRQHandler
                0x0000000008000fec                USBWakeUp_IRQHandler
 *fill*         0x0000000008000fee        0x2 
 .text.HAL_Init
                0x0000000008000ff0       0x2c ./Drivers/STM32F1xx_HAL_Driver/Src/stm32f1xx_hal.o
                0x0000000008000ff0                HAL_Init
 .text.HAL_InitTick
                0x000000000800101c       0x60 ./Drivers/STM32F1xx_HAL_Driver/Src/stm32f1xx_hal.o
                0x000000000800101c                HAL_InitTick
 .text.HAL_IncTick
                0x000000000800107c       0x24 ./Drivers/STM32F1xx_HAL_Driver/Src/stm32f1xx_hal.o
                0x000000000800107c                HAL_IncTick
 .text.HAL_GetTick
                0x00000000080010a0       0x14 ./Drivers/STM32F1xx_HAL_Driver/Src/stm32f1xx_hal.o
                0x00000000080010a0                HAL_GetTick
 .text.__NVIC_SetPriorityGrouping
                0x00000000080010b4       0x48 ./Drivers/STM32F1xx_HAL_Driver/Src/stm32f1xx_hal_cortex.o
 .text.__NVIC_GetPriorityGrouping
                0x00000000080010fc       0x1c ./Drivers/STM32F1xx_HAL_Driver/Src/stm32f1xx_hal_cortex.o
 .text.__NVIC_EnableIRQ
                0x0000000008001118       0x38 ./Drivers/STM32F1xx_HAL_Driver/Src/stm32f1xx_hal_cortex.o
 .text.__NVIC_SetPriority
                0x0000000008001150       0x54 ./Drivers/STM32F1xx_HAL_Driver/Src/stm32f1xx_hal_cortex.o
 .text.NVIC_EncodePriority
                0x00000000080011a4       0x64 ./Drivers/STM32F1xx_HAL_Driver/Src/stm32f1xx_hal_cortex.o
 .text.SysTick_Config
                0x0000000008001208       0x44 ./Drivers/STM32F1xx_HAL_Driver/Src/stm32f1xx_hal_cortex.o
 .text.HAL_NVIC_SetPriorityGrouping
                0x000000000800124c       0x16 ./Drivers/STM32F1xx_HAL_Driver/Src/stm32f1xx_hal_cortex.o
                0x000000000800124c                HAL_NVIC_SetPriorityGrouping
 .text.HAL_NVIC_SetPriority
                0x0000000008001262       0x38 ./Drivers/STM32F1xx_HAL_Driver/Src/stm32f1xx_hal_cortex.o
                0x0000000008001262                HAL_NVIC_SetPriority
 .text.HAL_NVIC_EnableIRQ
                0x000000000800129a       0x1c ./Drivers/STM32F1xx_HAL_Driver/Src/stm32f1xx_hal_cortex.o
                0x000000000800129a                HAL_NVIC_EnableIRQ
 .text.HAL_SYSTICK_Config
                0x00000000080012b6       0x18 ./Drivers/STM32F1xx_HAL_Driver/Src/stm32f1xx_hal_cortex.o
                0x00000000080012b6                HAL_SYSTICK_Config
 *fill*         0x00000000080012ce        0x2 
 .text.HAL_GPIO_Init
                0x00000000080012d0      0x2f4 ./Drivers/STM32F1xx_HAL_Driver/Src/stm32f1xx_hal_gpio.o
                0x00000000080012d0                HAL_GPIO_Init
 .text.HAL_GPIO_ReadPin
                0x00000000080015c4       0x2e ./Drivers/STM32F1xx_HAL_Driver/Src/stm32f1xx_hal_gpio.o
                0x00000000080015c4                HAL_GPIO_ReadPin
 .text.HAL_GPIO_WritePin
                0x00000000080015f2       0x30 ./Drivers/STM32F1xx_HAL_Driver/Src/stm32f1xx_hal_gpio.o
                0x00000000080015f2                HAL_GPIO_WritePin
 *fill*         0x0000000008001622        0x2 
 .text.HAL_RCC_OscConfig
                0x0000000008001624      0x500 ./Drivers/STM32F1xx_HAL_Driver/Src/stm32f1xx_hal_rcc.o
                0x0000000008001624                HAL_RCC_OscConfig
 .text.HAL_RCC_ClockConfig
                0x0000000008001b24      0x1d4 ./Drivers/STM32F1xx_HAL_Driver/Src/stm32f1xx_hal_rcc.o
                0x0000000008001b24                HAL_RCC_ClockConfig
 .text.HAL_RCC_GetSysClockFreq
                0x0000000008001cf8       0xa8 ./Drivers/STM32F1xx_HAL_Driver/Src/stm32f1xx_hal_rcc.o
                0x0000000008001cf8                HAL_RCC_GetSysClockFreq
 .text.RCC_Delay
                0x0000000008001da0       0x3c ./Drivers/STM32F1xx_HAL_Driver/Src/stm32f1xx_hal_rcc.o
 .text.HAL_TIM_Base_Init
                0x0000000008001ddc       0x9e ./Drivers/STM32F1xx_HAL_Driver/Src/stm32f1xx_hal_tim.o
                0x0000000008001ddc                HAL_TIM_Base_Init
 *fill*         0x0000000008001e7a        0x2 
 .text.HAL_TIM_Base_Start_IT
                0x0000000008001e7c       0x98 ./Drivers/STM32F1xx_HAL_Driver/Src/stm32f1xx_hal_tim.o
                0x0000000008001e7c                HAL_TIM_Base_Start_IT
 .text.HAL_TIM_IRQHandler
                0x0000000008001f14      0x1e0 ./Drivers/STM32F1xx_HAL_Driver/Src/stm32f1xx_hal_tim.o
                0x0000000008001f14                HAL_TIM_IRQHandler
 .text.HAL_TIM_ConfigClockSource
                0x00000000080020f4      0x18e ./Drivers/STM32F1xx_HAL_Driver/Src/stm32f1xx_hal_tim.o
                0x00000000080020f4                HAL_TIM_ConfigClockSource
 .text.HAL_TIM_OC_DelayElapsedCallback
                0x0000000008002282       0x12 ./Drivers/STM32F1xx_HAL_Driver/Src/stm32f1xx_hal_tim.o
                0x0000000008002282                HAL_TIM_OC_DelayElapsedCallback
 .text.HAL_TIM_IC_CaptureCallback
                0x0000000008002294       0x12 ./Drivers/STM32F1xx_HAL_Driver/Src/stm32f1xx_hal_tim.o
                0x0000000008002294                HAL_TIM_IC_CaptureCallback
 .text.HAL_TIM_PWM_PulseFinishedCallback
                0x00000000080022a6       0x12 ./Drivers/STM32F1xx_HAL_Driver/Src/stm32f1xx_hal_tim.o
                0x00000000080022a6                HAL_TIM_PWM_PulseFinishedCallback
 .text.HAL_TIM_TriggerCallback
                0x00000000080022b8       0x12 ./Drivers/STM32F1xx_HAL_Driver/Src/stm32f1xx_hal_tim.o
                0x00000000080022b8                HAL_TIM_TriggerCallback
 *fill*         0x00000000080022ca        0x2 
 .text.TIM_Base_SetConfig
                0x00000000080022cc       0xc8 ./Drivers/STM32F1xx_HAL_Driver/Src/stm32f1xx_hal_tim.o
                0x00000000080022cc                TIM_Base_SetConfig
 .text.TIM_TI1_ConfigInputStage
                0x0000000008002394       0x5c ./Drivers/STM32F1xx_HAL_Driver/Src/stm32f1xx_hal_tim.o
 .text.TIM_TI2_ConfigInputStage
                0x00000000080023f0       0x5e ./Drivers/STM32F1xx_HAL_Driver/Src/stm32f1xx_hal_tim.o
 .text.TIM_ITRx_SetConfig
                0x000000000800244e       0x34 ./Drivers/STM32F1xx_HAL_Driver/Src/stm32f1xx_hal_tim.o
 .text.TIM_ETR_SetConfig
                0x0000000008002482       0x3e ./Drivers/STM32F1xx_HAL_Driver/Src/stm32f1xx_hal_tim.o
                0x0000000008002482                TIM_ETR_SetConfig
 .text.HAL_TIMEx_MasterConfigSynchronization
                0x00000000080024c0       0xb0 ./Drivers/STM32F1xx_HAL_Driver/Src/stm32f1xx_hal_tim_ex.o
                0x00000000080024c0                HAL_TIMEx_MasterConfigSynchronization
 .text.HAL_TIMEx_CommutCallback
                0x0000000008002570       0x12 ./Drivers/STM32F1xx_HAL_Driver/Src/stm32f1xx_hal_tim_ex.o
                0x0000000008002570                HAL_TIMEx_CommutCallback
 .text.HAL_TIMEx_BreakCallback
                0x0000000008002582       0x12 ./Drivers/STM32F1xx_HAL_Driver/Src/stm32f1xx_hal_tim_ex.o
                0x0000000008002582                HAL_TIMEx_BreakCallback
 .text.__libc_init_array
                0x0000000008002594       0x48 d:/stm32/stm32cubeide_1.7.0/stm32cubeide/plugins/com.st.stm32cube.ide.mcu.externaltools.gnu-tools-for-stm32.9-2020-q2-update.win32_2.0.0.202105311346/tools/bin/../lib/gcc/arm-none-eabi/9.3.1/../../../../arm-none-eabi/lib/thumb/v7-m/nofp\libc_nano.a(lib_a-init.o)
                0x0000000008002594                __libc_init_array
 .text.memset   0x00000000080025dc       0x10 d:/stm32/stm32cubeide_1.7.0/stm32cubeide/plugins/com.st.stm32cube.ide.mcu.externaltools.gnu-tools-for-stm32.9-2020-q2-update.win32_2.0.0.202105311346/tools/bin/../lib/gcc/arm-none-eabi/9.3.1/../../../../arm-none-eabi/lib/thumb/v7-m/nofp\libc_nano.a(lib_a-memset.o)
                0x00000000080025dc                memset
 *(.glue_7)
 .glue_7        0x00000000080025ec        0x0 linker stubs
 *(.glue_7t)
 .glue_7t       0x00000000080025ec        0x0 linker stubs
 *(.eh_frame)
 .eh_frame      0x00000000080025ec        0x0 d:/stm32/stm32cubeide_1.7.0/stm32cubeide/plugins/com.st.stm32cube.ide.mcu.externaltools.gnu-tools-for-stm32.9-2020-q2-update.win32_2.0.0.202105311346/tools/bin/../lib/gcc/arm-none-eabi/9.3.1/thumb/v7-m/nofp/crtbegin.o
 *(.init)
 .init          0x00000000080025ec        0x4 d:/stm32/stm32cubeide_1.7.0/stm32cubeide/plugins/com.st.stm32cube.ide.mcu.externaltools.gnu-tools-for-stm32.9-2020-q2-update.win32_2.0.0.202105311346/tools/bin/../lib/gcc/arm-none-eabi/9.3.1/thumb/v7-m/nofp/crti.o
                0x00000000080025ec                _init
 .init          0x00000000080025f0        0x8 d:/stm32/stm32cubeide_1.7.0/stm32cubeide/plugins/com.st.stm32cube.ide.mcu.externaltools.gnu-tools-for-stm32.9-2020-q2-update.win32_2.0.0.202105311346/tools/bin/../lib/gcc/arm-none-eabi/9.3.1/thumb/v7-m/nofp/crtn.o
 *(.fini)
 .fini          0x00000000080025f8        0x4 d:/stm32/stm32cubeide_1.7.0/stm32cubeide/plugins/com.st.stm32cube.ide.mcu.externaltools.gnu-tools-for-stm32.9-2020-q2-update.win32_2.0.0.202105311346/tools/bin/../lib/gcc/arm-none-eabi/9.3.1/thumb/v7-m/nofp/crti.o
                0x00000000080025f8                _fini
 .fini          0x00000000080025fc        0x8 d:/stm32/stm32cubeide_1.7.0/stm32cubeide/plugins/com.st.stm32cube.ide.mcu.externaltools.gnu-tools-for-stm32.9-2020-q2-update.win32_2.0.0.202105311346/tools/bin/../lib/gcc/arm-none-eabi/9.3.1/thumb/v7-m/nofp/crtn.o
                0x0000000008002604                . = ALIGN (0x4)
                0x0000000008002604                _etext = .

.vfp11_veneer   0x0000000008002604        0x0
 .vfp11_veneer  0x0000000008002604        0x0 linker stubs

.v4_bx          0x0000000008002604        0x0
 .v4_bx         0x0000000008002604        0x0 linker stubs

.iplt           0x0000000008002604        0x0
 .iplt          0x0000000008002604        0x0 d:/stm32/stm32cubeide_1.7.0/stm32cubeide/plugins/com.st.stm32cube.ide.mcu.externaltools.gnu-tools-for-stm32.9-2020-q2-update.win32_2.0.0.202105311346/tools/bin/../lib/gcc/arm-none-eabi/9.3.1/thumb/v7-m/nofp/crtbegin.o

.rodata         0x0000000008002604       0x38
                0x0000000008002604                . = ALIGN (0x4)
 *(.rodata)
 *(.rodata*)
 .rodata.segment_code
                0x0000000008002604        0xa ./Core/Src/seven_segment.o
 *fill*         0x000000000800260e        0x2 
 .rodata.led_select
                0x0000000008002610        0x8 ./Core/Src/seven_segment.o
 .rodata.AHBPrescTable
                0x0000000008002618       0x10 ./Core/Src/system_stm32f1xx.o
                0x0000000008002618                AHBPrescTable
 .rodata.aPLLMULFactorTable.6032
                0x0000000008002628       0x10 ./Drivers/STM32F1xx_HAL_Driver/Src/stm32f1xx_hal_rcc.o
 .rodata.aPredivFactorTable.6033
                0x0000000008002638        0x2 ./Drivers/STM32F1xx_HAL_Driver/Src/stm32f1xx_hal_rcc.o
                0x000000000800263c                . = ALIGN (0x4)
 *fill*         0x000000000800263a        0x2 

.rel.dyn        0x000000000800263c        0x0
 .rel.iplt      0x000000000800263c        0x0 d:/stm32/stm32cubeide_1.7.0/stm32cubeide/plugins/com.st.stm32cube.ide.mcu.externaltools.gnu-tools-for-stm32.9-2020-q2-update.win32_2.0.0.202105311346/tools/bin/../lib/gcc/arm-none-eabi/9.3.1/thumb/v7-m/nofp/crtbegin.o

.ARM.extab      0x000000000800263c        0x0
                0x000000000800263c                . = ALIGN (0x4)
 *(.ARM.extab* .gnu.linkonce.armextab.*)
                0x000000000800263c                . = ALIGN (0x4)

.ARM            0x000000000800263c        0x0
                0x000000000800263c                . = ALIGN (0x4)
                0x000000000800263c                __exidx_start = .
 *(.ARM.exidx*)
                0x000000000800263c                __exidx_end = .
                0x000000000800263c                . = ALIGN (0x4)

.preinit_array  0x000000000800263c        0x0
                0x000000000800263c                . = ALIGN (0x4)
                0x000000000800263c                PROVIDE (__preinit_array_start = .)
 *(.preinit_array*)
                0x000000000800263c                PROVIDE (__preinit_array_end = .)
                0x000000000800263c                . = ALIGN (0x4)

.init_array     0x000000000800263c        0x4
                0x000000000800263c                . = ALIGN (0x4)
                0x000000000800263c                PROVIDE (__init_array_start = .)
 *(SORT_BY_NAME(.init_array.*))
 *(.init_array*)
 .init_array    0x000000000800263c        0x4 d:/stm32/stm32cubeide_1.7.0/stm32cubeide/plugins/com.st.stm32cube.ide.mcu.externaltools.gnu-tools-for-stm32.9-2020-q2-update.win32_2.0.0.202105311346/tools/bin/../lib/gcc/arm-none-eabi/9.3.1/thumb/v7-m/nofp/crtbegin.o
                0x0000000008002640                PROVIDE (__init_array_end = .)
                0x0000000008002640                . = ALIGN (0x4)

.fini_array     0x0000000008002640        0x4
                0x0000000008002640                . = ALIGN (0x4)
                [!provide]                        PROVIDE (__fini_array_start = .)
 *(SORT_BY_NAME(.fini_array.*))
 *(.fini_array*)
 .fini_array    0x0000000008002640        0x4 d:/stm32/stm32cubeide_1.7.0/stm32cubeide/plugins/com.st.stm32cube.ide.mcu.externaltools.gnu-tools-for-stm32.9-2020-q2-update.win32_2.0.0.202105311346/tools/bin/../lib/gcc/arm-none-eabi/9.3.1/thumb/v7-m/nofp/crtbegin.o
                [!provide]                        PROVIDE (__fini_array_end = .)
                0x0000000008002644                . = ALIGN (0x4)
                0x0000000008002644                _sidata = LOADADDR (.data)

.data           0x0000000020000000       0x28 load address 0x0000000008002644
                0x0000000020000000                . = ALIGN (0x4)
                0x0000000020000000                _sdata = .
 *(.data)
 *(.data*)
 .data.buttonPin
                0x0000000020000000        0x6 ./Core/Src/input_reading.o
 *fill*         0x0000000020000006        0x2 
 .data.mode     0x0000000020000008        0x4 ./Core/Src/processing.o
 .data.index.5972
                0x000000002000000c        0x4 ./Core/Src/seven_segment.o
 .data.SystemCoreClock
                0x0000000020000010        0x4 ./Core/Src/system_stm32f1xx.o
                0x0000000020000010                SystemCoreClock
 .data.red_time
                0x0000000020000014        0x4 ./Core/Src/traffic_led.o
 .data.yellow_time
                0x0000000020000018        0x4 ./Core/Src/traffic_led.o
 .data.green_time
                0x000000002000001c        0x4 ./Core/Src/traffic_led.o
 .data.uwTickPrio
                0x0000000020000020        0x4 ./Drivers/STM32F1xx_HAL_Driver/Src/stm32f1xx_hal.o
                0x0000000020000020                uwTickPrio
 .data.uwTickFreq
                0x0000000020000024        0x1 ./Drivers/STM32F1xx_HAL_Driver/Src/stm32f1xx_hal.o
                0x0000000020000024                uwTickFreq
 *(.RamFunc)
 *(.RamFunc*)
                0x0000000020000028                . = ALIGN (0x4)
 *fill*         0x0000000020000025        0x3 
                0x0000000020000028                _edata = .

.igot.plt       0x0000000020000028        0x0 load address 0x000000000800266c
 .igot.plt      0x0000000020000028        0x0 d:/stm32/stm32cubeide_1.7.0/stm32cubeide/plugins/com.st.stm32cube.ide.mcu.externaltools.gnu-tools-for-stm32.9-2020-q2-update.win32_2.0.0.202105311346/tools/bin/../lib/gcc/arm-none-eabi/9.3.1/thumb/v7-m/nofp/crtbegin.o
                0x0000000020000028                . = ALIGN (0x4)

.bss            0x0000000020000028       0xcc load address 0x000000000800266c
                0x0000000020000028                _sbss = .
                0x0000000020000028                __bss_start__ = _sbss
 *(.bss)
 .bss           0x0000000020000028       0x1c d:/stm32/stm32cubeide_1.7.0/stm32cubeide/plugins/com.st.stm32cube.ide.mcu.externaltools.gnu-tools-for-stm32.9-2020-q2-update.win32_2.0.0.202105311346/tools/bin/../lib/gcc/arm-none-eabi/9.3.1/thumb/v7-m/nofp/crtbegin.o
 *(.bss*)
 .bss.buttonBuffer
                0x0000000020000044        0x3 ./Core/Src/input_reading.o
 *fill*         0x0000000020000047        0x1 
 .bss.debounce1
                0x0000000020000048        0x3 ./Core/Src/input_reading.o
 *fill*         0x000000002000004b        0x1 
 .bss.debounce2
                0x000000002000004c        0x3 ./Core/Src/input_reading.o
 *fill*         0x000000002000004f        0x1 
 .bss.button_flag
                0x0000000020000050        0xc ./Core/Src/processing.o
 .bss.sync_blink
                0x000000002000005c        0x4 ./Core/Src/processing.o
 .bss.temp_red  0x0000000020000060        0x4 ./Core/Src/processing.o
 .bss.temp_yellow
                0x0000000020000064        0x4 ./Core/Src/processing.o
 .bss.temp_green
                0x0000000020000068        0x4 ./Core/Src/processing.o
 .bss.blink_state.6011
                0x000000002000006c        0x4 ./Core/Src/processing.o
 .bss.led_buffer
                0x0000000020000070       0x10 ./Core/Src/seven_segment.o
                0x0000000020000070                led_buffer
 .bss.timer0_counter
                0x0000000020000080        0x4 ./Core/Src/timer.o
                0x0000000020000080                timer0_counter
 .bss.timer0_flag
                0x0000000020000084        0x4 ./Core/Src/timer.o
                0x0000000020000084                timer0_flag
 .bss.timer1_counter
                0x0000000020000088        0x4 ./Core/Src/timer.o
                0x0000000020000088                timer1_counter
 .bss.timer1_flag
                0x000000002000008c        0x4 ./Core/Src/timer.o
                0x000000002000008c                timer1_flag
 .bss.timer2_counter
                0x0000000020000090        0x4 ./Core/Src/timer.o
                0x0000000020000090                timer2_counter
 .bss.timer2_flag
                0x0000000020000094        0x4 ./Core/Src/timer.o
                0x0000000020000094                timer2_flag
 .bss.timer3_counter
                0x0000000020000098        0x4 ./Core/Src/timer.o
                0x0000000020000098                timer3_counter
 .bss.timer3_flag
                0x000000002000009c        0x4 ./Core/Src/timer.o
                0x000000002000009c                timer3_flag
 .bss.counter_NS
                0x00000000200000a0        0x4 ./Core/Src/traffic_led.o
                0x00000000200000a0                counter_NS
 .bss.state     0x00000000200000a4        0x4 ./Core/Src/traffic_led.o
 *(COMMON)
 COMMON         0x00000000200000a8       0x48 ./Core/Src/main.o
                0x00000000200000a8                htim2
 COMMON         0x00000000200000f0        0x4 ./Drivers/STM32F1xx_HAL_Driver/Src/stm32f1xx_hal.o
                0x00000000200000f0                uwTick
                0x00000000200000f4                . = ALIGN (0x4)
                0x00000000200000f4                _ebss = .
                0x00000000200000f4                __bss_end__ = _ebss

._user_heap_stack
                0x00000000200000f4      0x604 load address 0x000000000800266c
                0x00000000200000f8                . = ALIGN (0x8)
 *fill*         0x00000000200000f4        0x4 
                [!provide]                        PROVIDE (end = .)
                0x00000000200000f8                PROVIDE (_end = .)
                0x00000000200002f8                . = (. + _Min_Heap_Size)
 *fill*         0x00000000200000f8      0x200 
                0x00000000200006f8                . = (. + _Min_Stack_Size)
 *fill*         0x00000000200002f8      0x400 
                0x00000000200006f8                . = ALIGN (0x8)

/DISCARD/
 libc.a(*)
 libm.a(*)
 libgcc.a(*)

.ARM.attributes
                0x0000000000000000       0x29
 *(.ARM.attributes)
 .ARM.attributes
                0x0000000000000000       0x1d d:/stm32/stm32cubeide_1.7.0/stm32cubeide/plugins/com.st.stm32cube.ide.mcu.externaltools.gnu-tools-for-stm32.9-2020-q2-update.win32_2.0.0.202105311346/tools/bin/../lib/gcc/arm-none-eabi/9.3.1/thumb/v7-m/nofp/crti.o
 .ARM.attributes
                0x000000000000001d       0x2d d:/stm32/stm32cubeide_1.7.0/stm32cubeide/plugins/com.st.stm32cube.ide.mcu.externaltools.gnu-tools-for-stm32.9-2020-q2-update.win32_2.0.0.202105311346/tools/bin/../lib/gcc/arm-none-eabi/9.3.1/thumb/v7-m/nofp/crtbegin.o
 .ARM.attributes
                0x000000000000004a       0x2d ./Core/Src/input_reading.o
 .ARM.attributes
                0x0000000000000077       0x2d ./Core/Src/main.o
 .ARM.attributes
                0x00000000000000a4       0x2d ./Core/Src/processing.o
 .ARM.attributes
                0x00000000000000d1       0x2d ./Core/Src/seven_segment.o
 .ARM.attributes
                0x00000000000000fe       0x2d ./Core/Src/stm32f1xx_hal_msp.o
 .ARM.attributes
                0x000000000000012b       0x2d ./Core/Src/stm32f1xx_it.o
 .ARM.attributes
                0x0000000000000158       0x2d ./Core/Src/system_stm32f1xx.o
 .ARM.attributes
                0x0000000000000185       0x2d ./Core/Src/timer.o
 .ARM.attributes
                0x00000000000001b2       0x2d ./Core/Src/traffic_led.o
 .ARM.attributes
                0x00000000000001df       0x21 ./Core/Startup/startup_stm32f103c6ux.o
 .ARM.attributes
                0x0000000000000200       0x2d ./Drivers/STM32F1xx_HAL_Driver/Src/stm32f1xx_hal.o
 .ARM.attributes
                0x000000000000022d       0x2d ./Drivers/STM32F1xx_HAL_Driver/Src/stm32f1xx_hal_cortex.o
 .ARM.attributes
                0x000000000000025a       0x2d ./Drivers/STM32F1xx_HAL_Driver/Src/stm32f1xx_hal_gpio.o
 .ARM.attributes
                0x0000000000000287       0x2d ./Drivers/STM32F1xx_HAL_Driver/Src/stm32f1xx_hal_rcc.o
 .ARM.attributes
                0x00000000000002b4       0x2d ./Drivers/STM32F1xx_HAL_Driver/Src/stm32f1xx_hal_tim.o
 .ARM.attributes
                0x00000000000002e1       0x2d ./Drivers/STM32F1xx_HAL_Driver/Src/stm32f1xx_hal_tim_ex.o
 .ARM.attributes
                0x000000000000030e       0x2d d:/stm32/stm32cubeide_1.7.0/stm32cubeide/plugins/com.st.stm32cube.ide.mcu.externaltools.gnu-tools-for-stm32.9-2020-q2-update.win32_2.0.0.202105311346/tools/bin/../lib/gcc/arm-none-eabi/9.3.1/../../../../arm-none-eabi/lib/thumb/v7-m/nofp\libc_nano.a(lib_a-init.o)
 .ARM.attributes
                0x000000000000033b       0x2d d:/stm32/stm32cubeide_1.7.0/stm32cubeide/plugins/com.st.stm32cube.ide.mcu.externaltools.gnu-tools-for-stm32.9-2020-q2-update.win32_2.0.0.202105311346/tools/bin/../lib/gcc/arm-none-eabi/9.3.1/../../../../arm-none-eabi/lib/thumb/v7-m/nofp\libc_nano.a(lib_a-memset.o)
 .ARM.attributes
                0x0000000000000368       0x1d d:/stm32/stm32cubeide_1.7.0/stm32cubeide/plugins/com.st.stm32cube.ide.mcu.externaltools.gnu-tools-for-stm32.9-2020-q2-update.win32_2.0.0.202105311346/tools/bin/../lib/gcc/arm-none-eabi/9.3.1/thumb/v7-m/nofp/crtn.o
OUTPUT(l3e1.elf elf32-littlearm)
LOAD linker stubs
LOAD d:/stm32/stm32cubeide_1.7.0/stm32cubeide/plugins/com.st.stm32cube.ide.mcu.externaltools.gnu-tools-for-stm32.9-2020-q2-update.win32_2.0.0.202105311346/tools/bin/../lib/gcc/arm-none-eabi/9.3.1/../../../../arm-none-eabi/lib/thumb/v7-m/nofp\libc.a
LOAD d:/stm32/stm32cubeide_1.7.0/stm32cubeide/plugins/com.st.stm32cube.ide.mcu.externaltools.gnu-tools-for-stm32.9-2020-q2-update.win32_2.0.0.202105311346/tools/bin/../lib/gcc/arm-none-eabi/9.3.1/../../../../arm-none-eabi/lib/thumb/v7-m/nofp\libm.a
LOAD d:/stm32/stm32cubeide_1.7.0/stm32cubeide/plugins/com.st.stm32cube.ide.mcu.externaltools.gnu-tools-for-stm32.9-2020-q2-update.win32_2.0.0.202105311346/tools/bin/../lib/gcc/arm-none-eabi/9.3.1/thumb/v7-m/nofp\libgcc.a

.debug_info     0x0000000000000000     0x9501
 .debug_info    0x0000000000000000      0x323 ./Core/Src/input_reading.o
 .debug_info    0x0000000000000323      0xbc2 ./Core/Src/main.o
 .debug_info    0x0000000000000ee5      0x333 ./Core/Src/processing.o
 .debug_info    0x0000000000001218      0x335 ./Core/Src/seven_segment.o
 .debug_info    0x000000000000154d      0xa09 ./Core/Src/stm32f1xx_hal_msp.o
 .debug_info    0x0000000000001f56      0x7b9 ./Core/Src/stm32f1xx_it.o
 .debug_info    0x000000000000270f      0x2be ./Core/Src/system_stm32f1xx.o
 .debug_info    0x00000000000029cd      0x2d6 ./Core/Src/timer.o
 .debug_info    0x0000000000002ca3      0x3ed ./Core/Src/traffic_led.o
 .debug_info    0x0000000000003090       0x22 ./Core/Startup/startup_stm32f103c6ux.o
 .debug_info    0x00000000000030b2      0x74c ./Drivers/STM32F1xx_HAL_Driver/Src/stm32f1xx_hal.o
 .debug_info    0x00000000000037fe      0xbbe ./Drivers/STM32F1xx_HAL_Driver/Src/stm32f1xx_hal_cortex.o
 .debug_info    0x00000000000043bc      0x701 ./Drivers/STM32F1xx_HAL_Driver/Src/stm32f1xx_hal_gpio.o
 .debug_info    0x0000000000004abd      0x893 ./Drivers/STM32F1xx_HAL_Driver/Src/stm32f1xx_hal_rcc.o
 .debug_info    0x0000000000005350     0x2c32 ./Drivers/STM32F1xx_HAL_Driver/Src/stm32f1xx_hal_tim.o
 .debug_info    0x0000000000007f82     0x157f ./Drivers/STM32F1xx_HAL_Driver/Src/stm32f1xx_hal_tim_ex.o

.debug_abbrev   0x0000000000000000     0x1bba
 .debug_abbrev  0x0000000000000000      0x16e ./Core/Src/input_reading.o
 .debug_abbrev  0x000000000000016e      0x22c ./Core/Src/main.o
 .debug_abbrev  0x000000000000039a      0x125 ./Core/Src/processing.o
 .debug_abbrev  0x00000000000004bf      0x19d ./Core/Src/seven_segment.o
 .debug_abbrev  0x000000000000065c      0x1b7 ./Core/Src/stm32f1xx_hal_msp.o
 .debug_abbrev  0x0000000000000813      0x176 ./Core/Src/stm32f1xx_it.o
 .debug_abbrev  0x0000000000000989      0x14e ./Core/Src/system_stm32f1xx.o
 .debug_abbrev  0x0000000000000ad7      0x121 ./Core/Src/timer.o
 .debug_abbrev  0x0000000000000bf8      0x191 ./Core/Src/traffic_led.o
 .debug_abbrev  0x0000000000000d89       0x12 ./Core/Startup/startup_stm32f103c6ux.o
 .debug_abbrev  0x0000000000000d9b      0x1ed ./Drivers/STM32F1xx_HAL_Driver/Src/stm32f1xx_hal.o
 .debug_abbrev  0x0000000000000f88      0x313 ./Drivers/STM32F1xx_HAL_Driver/Src/stm32f1xx_hal_cortex.o
 .debug_abbrev  0x000000000000129b      0x1e8 ./Drivers/STM32F1xx_HAL_Driver/Src/stm32f1xx_hal_gpio.o
 .debug_abbrev  0x0000000000001483      0x273 ./Drivers/STM32F1xx_HAL_Driver/Src/stm32f1xx_hal_rcc.o
 .debug_abbrev  0x00000000000016f6      0x25e ./Drivers/STM32F1xx_HAL_Driver/Src/stm32f1xx_hal_tim.o
 .debug_abbrev  0x0000000000001954      0x266 ./Drivers/STM32F1xx_HAL_Driver/Src/stm32f1xx_hal_tim_ex.o

.debug_aranges  0x0000000000000000      0xa68
 .debug_aranges
                0x0000000000000000       0x30 ./Core/Src/input_reading.o
 .debug_aranges
                0x0000000000000030       0x48 ./Core/Src/main.o
 .debug_aranges
                0x0000000000000078       0x30 ./Core/Src/processing.o
 .debug_aranges
                0x00000000000000a8       0x38 ./Core/Src/seven_segment.o
 .debug_aranges
                0x00000000000000e0       0x30 ./Core/Src/stm32f1xx_hal_msp.o
 .debug_aranges
                0x0000000000000110       0x68 ./Core/Src/stm32f1xx_it.o
 .debug_aranges
                0x0000000000000178       0x28 ./Core/Src/system_stm32f1xx.o
 .debug_aranges
                0x00000000000001a0       0x40 ./Core/Src/timer.o
 .debug_aranges
                0x00000000000001e0       0x60 ./Core/Src/traffic_led.o
 .debug_aranges
                0x0000000000000240       0x28 ./Core/Startup/startup_stm32f103c6ux.o
 .debug_aranges
                0x0000000000000268       0xe0 ./Drivers/STM32F1xx_HAL_Driver/Src/stm32f1xx_hal.o
 .debug_aranges
                0x0000000000000348      0x100 ./Drivers/STM32F1xx_HAL_Driver/Src/stm32f1xx_hal_cortex.o
 .debug_aranges
                0x0000000000000448       0x58 ./Drivers/STM32F1xx_HAL_Driver/Src/stm32f1xx_hal_gpio.o
 .debug_aranges
                0x00000000000004a0       0x90 ./Drivers/STM32F1xx_HAL_Driver/Src/stm32f1xx_hal_rcc.o
 .debug_aranges
                0x0000000000000530      0x3d0 ./Drivers/STM32F1xx_HAL_Driver/Src/stm32f1xx_hal_tim.o
 .debug_aranges
                0x0000000000000900      0x168 ./Drivers/STM32F1xx_HAL_Driver/Src/stm32f1xx_hal_tim_ex.o

.debug_ranges   0x0000000000000000      0x970
 .debug_ranges  0x0000000000000000       0x20 ./Core/Src/input_reading.o
 .debug_ranges  0x0000000000000020       0x38 ./Core/Src/main.o
 .debug_ranges  0x0000000000000058       0x20 ./Core/Src/processing.o
 .debug_ranges  0x0000000000000078       0x28 ./Core/Src/seven_segment.o
 .debug_ranges  0x00000000000000a0       0x20 ./Core/Src/stm32f1xx_hal_msp.o
 .debug_ranges  0x00000000000000c0       0x58 ./Core/Src/stm32f1xx_it.o
 .debug_ranges  0x0000000000000118       0x18 ./Core/Src/system_stm32f1xx.o
 .debug_ranges  0x0000000000000130       0x30 ./Core/Src/timer.o
 .debug_ranges  0x0000000000000160       0x50 ./Core/Src/traffic_led.o
 .debug_ranges  0x00000000000001b0       0x20 ./Core/Startup/startup_stm32f103c6ux.o
 .debug_ranges  0x00000000000001d0       0xd0 ./Drivers/STM32F1xx_HAL_Driver/Src/stm32f1xx_hal.o
 .debug_ranges  0x00000000000002a0       0xf0 ./Drivers/STM32F1xx_HAL_Driver/Src/stm32f1xx_hal_cortex.o
 .debug_ranges  0x0000000000000390       0x48 ./Drivers/STM32F1xx_HAL_Driver/Src/stm32f1xx_hal_gpio.o
 .debug_ranges  0x00000000000003d8       0x80 ./Drivers/STM32F1xx_HAL_Driver/Src/stm32f1xx_hal_rcc.o
 .debug_ranges  0x0000000000000458      0x3c0 ./Drivers/STM32F1xx_HAL_Driver/Src/stm32f1xx_hal_tim.o
 .debug_ranges  0x0000000000000818      0x158 ./Drivers/STM32F1xx_HAL_Driver/Src/stm32f1xx_hal_tim_ex.o

.debug_macro    0x0000000000000000    0x16bf0
 .debug_macro   0x0000000000000000      0x1c2 ./Core/Src/input_reading.o
 .debug_macro   0x00000000000001c2      0xa9c ./Core/Src/input_reading.o
 .debug_macro   0x0000000000000c5e      0x215 ./Core/Src/input_reading.o
 .debug_macro   0x0000000000000e73       0x2e ./Core/Src/input_reading.o
 .debug_macro   0x0000000000000ea1       0x22 ./Core/Src/input_reading.o
 .debug_macro   0x0000000000000ec3       0x22 ./Core/Src/input_reading.o
 .debug_macro   0x0000000000000ee5       0x8e ./Core/Src/input_reading.o
 .debug_macro   0x0000000000000f73       0x51 ./Core/Src/input_reading.o
 .debug_macro   0x0000000000000fc4      0x103 ./Core/Src/input_reading.o
 .debug_macro   0x00000000000010c7       0x6a ./Core/Src/input_reading.o
 .debug_macro   0x0000000000001131      0x1df ./Core/Src/input_reading.o
 .debug_macro   0x0000000000001310       0x1c ./Core/Src/input_reading.o
 .debug_macro   0x000000000000132c       0x22 ./Core/Src/input_reading.o
 .debug_macro   0x000000000000134e       0xc3 ./Core/Src/input_reading.o
 .debug_macro   0x0000000000001411      0xd23 ./Core/Src/input_reading.o
 .debug_macro   0x0000000000002134     0xde75 ./Core/Src/input_reading.o
 .debug_macro   0x000000000000ffa9       0x6d ./Core/Src/input_reading.o
 .debug_macro   0x0000000000010016     0x34a2 ./Core/Src/input_reading.o
 .debug_macro   0x00000000000134b8      0x174 ./Core/Src/input_reading.o
 .debug_macro   0x000000000001362c       0x5c ./Core/Src/input_reading.o
 .debug_macro   0x0000000000013688      0x5bc ./Core/Src/input_reading.o
 .debug_macro   0x0000000000013c44      0x1b7 ./Core/Src/input_reading.o
 .debug_macro   0x0000000000013dfb      0x1cb ./Core/Src/input_reading.o
 .debug_macro   0x0000000000013fc6      0x114 ./Core/Src/input_reading.o
 .debug_macro   0x00000000000140da      0x1b2 ./Core/Src/input_reading.o
 .debug_macro   0x000000000001428c       0x27 ./Core/Src/input_reading.o
 .debug_macro   0x00000000000142b3      0x12f ./Core/Src/input_reading.o
 .debug_macro   0x00000000000143e2      0x1bc ./Core/Src/input_reading.o
 .debug_macro   0x000000000001459e       0x34 ./Core/Src/input_reading.o
 .debug_macro   0x00000000000145d2       0x3c ./Core/Src/input_reading.o
 .debug_macro   0x000000000001460e       0x57 ./Core/Src/input_reading.o
 .debug_macro   0x0000000000014665       0x87 ./Core/Src/input_reading.o
 .debug_macro   0x00000000000146ec      0x183 ./Core/Src/input_reading.o
 .debug_macro   0x000000000001486f      0x140 ./Core/Src/input_reading.o
 .debug_macro   0x00000000000149af      0x8ed ./Core/Src/input_reading.o
 .debug_macro   0x000000000001529c       0x69 ./Core/Src/input_reading.o
 .debug_macro   0x0000000000015305       0xf4 ./Core/Src/input_reading.o
 .debug_macro   0x00000000000153f9      0x1ce ./Core/Src/main.o
 .debug_macro   0x00000000000155c7      0x1d7 ./Core/Src/processing.o
 .debug_macro   0x000000000001579e       0x10 ./Core/Src/processing.o
 .debug_macro   0x00000000000157ae      0x1b0 ./Core/Src/seven_segment.o
 .debug_macro   0x000000000001595e      0x1a6 ./Core/Src/stm32f1xx_hal_msp.o
 .debug_macro   0x0000000000015b04      0x1b0 ./Core/Src/stm32f1xx_it.o
 .debug_macro   0x0000000000015cb4      0x197 ./Core/Src/system_stm32f1xx.o
 .debug_macro   0x0000000000015e4b      0x1b6 ./Core/Src/timer.o
 .debug_macro   0x0000000000016001      0x1c3 ./Core/Src/traffic_led.o
 .debug_macro   0x00000000000161c4      0x1bb ./Drivers/STM32F1xx_HAL_Driver/Src/stm32f1xx_hal.o
 .debug_macro   0x000000000001637f      0x197 ./Drivers/STM32F1xx_HAL_Driver/Src/stm32f1xx_hal_cortex.o
 .debug_macro   0x0000000000016516      0x202 ./Drivers/STM32F1xx_HAL_Driver/Src/stm32f1xx_hal_gpio.o
 .debug_macro   0x0000000000016718      0x1a9 ./Drivers/STM32F1xx_HAL_Driver/Src/stm32f1xx_hal_rcc.o
 .debug_macro   0x00000000000168c1      0x198 ./Drivers/STM32F1xx_HAL_Driver/Src/stm32f1xx_hal_tim.o
 .debug_macro   0x0000000000016a59      0x197 ./Drivers/STM32F1xx_HAL_Driver/Src/stm32f1xx_hal_tim_ex.o

.debug_line     0x0000000000000000     0xb959
 .debug_line    0x0000000000000000      0x709 ./Core/Src/input_reading.o
 .debug_line    0x0000000000000709      0x7b5 ./Core/Src/main.o
 .debug_line    0x0000000000000ebe      0x833 ./Core/Src/processing.o
 .debug_line    0x00000000000016f1      0x712 ./Core/Src/seven_segment.o
 .debug_line    0x0000000000001e03      0x6ad ./Core/Src/stm32f1xx_hal_msp.o
 .debug_line    0x00000000000024b0      0x74b ./Core/Src/stm32f1xx_it.o
 .debug_line    0x0000000000002bfb      0x6ef ./Core/Src/system_stm32f1xx.o
 .debug_line    0x00000000000032ea      0x735 ./Core/Src/timer.o
 .debug_line    0x0000000000003a1f      0x82e ./Core/Src/traffic_led.o
 .debug_line    0x000000000000424d       0x86 ./Core/Startup/startup_stm32f103c6ux.o
 .debug_line    0x00000000000042d3      0x91c ./Drivers/STM32F1xx_HAL_Driver/Src/stm32f1xx_hal.o
 .debug_line    0x0000000000004bef      0xb04 ./Drivers/STM32F1xx_HAL_Driver/Src/stm32f1xx_hal_cortex.o
 .debug_line    0x00000000000056f3      0x99f ./Drivers/STM32F1xx_HAL_Driver/Src/stm32f1xx_hal_gpio.o
 .debug_line    0x0000000000006092      0xd28 ./Drivers/STM32F1xx_HAL_Driver/Src/stm32f1xx_hal_rcc.o
 .debug_line    0x0000000000006dba     0x336d ./Drivers/STM32F1xx_HAL_Driver/Src/stm32f1xx_hal_tim.o
 .debug_line    0x000000000000a127     0x1832 ./Drivers/STM32F1xx_HAL_Driver/Src/stm32f1xx_hal_tim_ex.o

.debug_str      0x0000000000000000    0x8239b
 .debug_str     0x0000000000000000    0x7f7cc ./Core/Src/input_reading.o
                                      0x7fb1f (size before relaxing)
 .debug_str     0x000000000007f7cc      0x73f ./Core/Src/main.o
                                      0x8022d (size before relaxing)
 .debug_str     0x000000000007ff0b       0xcb ./Core/Src/processing.o
                                      0x7fb52 (size before relaxing)
 .debug_str     0x000000000007ffd6       0x58 ./Core/Src/seven_segment.o
                                      0x7fa95 (size before relaxing)
 .debug_str     0x000000000008002e      0x2ba ./Core/Src/stm32f1xx_hal_msp.o
                                      0x80206 (size before relaxing)
 .debug_str     0x00000000000802e8       0xcd ./Core/Src/stm32f1xx_it.o
                                      0x7ff68 (size before relaxing)
 .debug_str     0x00000000000803b5       0x52 ./Core/Src/system_stm32f1xx.o
                                      0x7f776 (size before relaxing)
 .debug_str     0x0000000000080407       0x8a ./Core/Src/timer.o
                                      0x7fab8 (size before relaxing)
 .debug_str     0x0000000000080491       0x9f ./Core/Src/traffic_led.o
                                      0x7fb3e (size before relaxing)
 .debug_str     0x0000000000080530       0x36 ./Core/Startup/startup_stm32f103c6ux.o
                                         0x6a (size before relaxing)
 .debug_str     0x0000000000080566      0x304 ./Drivers/STM32F1xx_HAL_Driver/Src/stm32f1xx_hal.o
                                      0x7fdcd (size before relaxing)
 .debug_str     0x000000000008086a      0x300 ./Drivers/STM32F1xx_HAL_Driver/Src/stm32f1xx_hal_cortex.o
                                      0x7fdd5 (size before relaxing)
 .debug_str     0x0000000000080b6a      0x316 ./Drivers/STM32F1xx_HAL_Driver/Src/stm32f1xx_hal_gpio.o
                                      0x7fb3a (size before relaxing)
 .debug_str     0x0000000000080e80      0x24f ./Drivers/STM32F1xx_HAL_Driver/Src/stm32f1xx_hal_rcc.o
                                      0x7fb73 (size before relaxing)
 .debug_str     0x00000000000810cf      0xdde ./Drivers/STM32F1xx_HAL_Driver/Src/stm32f1xx_hal_tim.o
                                      0x80b5c (size before relaxing)
 .debug_str     0x0000000000081ead      0x4ee ./Drivers/STM32F1xx_HAL_Driver/Src/stm32f1xx_hal_tim_ex.o
                                      0x802fd (size before relaxing)

.comment        0x0000000000000000       0x53
 .comment       0x0000000000000000       0x53 ./Core/Src/input_reading.o
                                         0x54 (size before relaxing)
 .comment       0x0000000000000053       0x54 ./Core/Src/main.o
 .comment       0x0000000000000053       0x54 ./Core/Src/processing.o
 .comment       0x0000000000000053       0x54 ./Core/Src/seven_segment.o
 .comment       0x0000000000000053       0x54 ./Core/Src/stm32f1xx_hal_msp.o
 .comment       0x0000000000000053       0x54 ./Core/Src/stm32f1xx_it.o
 .comment       0x0000000000000053       0x54 ./Core/Src/system_stm32f1xx.o
 .comment       0x0000000000000053       0x54 ./Core/Src/timer.o
 .comment       0x0000000000000053       0x54 ./Core/Src/traffic_led.o
 .comment       0x0000000000000053       0x54 ./Drivers/STM32F1xx_HAL_Driver/Src/stm32f1xx_hal.o
 .comment       0x0000000000000053       0x54 ./Drivers/STM32F1xx_HAL_Driver/Src/stm32f1xx_hal_cortex.o
 .comment       0x0000000000000053       0x54 ./Drivers/STM32F1xx_HAL_Driver/Src/stm32f1xx_hal_gpio.o
 .comment       0x0000000000000053       0x54 ./Drivers/STM32F1xx_HAL_Driver/Src/stm32f1xx_hal_rcc.o
 .comment       0x0000000000000053       0x54 ./Drivers/STM32F1xx_HAL_Driver/Src/stm32f1xx_hal_tim.o
 .comment       0x0000000000000053       0x54 ./Drivers/STM32F1xx_HAL_Driver/Src/stm32f1xx_hal_tim_ex.o

.debug_frame    0x0000000000000000     0x2950
 .debug_frame   0x0000000000000000       0x84 ./Core/Src/input_reading.o
 .debug_frame   0x0000000000000084       0xd4 ./Core/Src/main.o
 .debug_frame   0x0000000000000158       0x64 ./Core/Src/processing.o
 .debug_frame   0x00000000000001bc       0xa0 ./Core/Src/seven_segment.o
 .debug_frame   0x000000000000025c       0x80 ./Core/Src/stm32f1xx_hal_msp.o
 .debug_frame   0x00000000000002dc      0x120 ./Core/Src/stm32f1xx_it.o
 .debug_frame   0x00000000000003fc       0x58 ./Core/Src/system_stm32f1xx.o
 .debug_frame   0x0000000000000454       0xd0 ./Core/Src/timer.o
 .debug_frame   0x0000000000000524      0x134 ./Core/Src/traffic_led.o
 .debug_frame   0x0000000000000658      0x334 ./Drivers/STM32F1xx_HAL_Driver/Src/stm32f1xx_hal.o
 .debug_frame   0x000000000000098c      0x428 ./Drivers/STM32F1xx_HAL_Driver/Src/stm32f1xx_hal_cortex.o
 .debug_frame   0x0000000000000db4      0x14c ./Drivers/STM32F1xx_HAL_Driver/Src/stm32f1xx_hal_gpio.o
 .debug_frame   0x0000000000000f00      0x218 ./Drivers/STM32F1xx_HAL_Driver/Src/stm32f1xx_hal_rcc.o
 .debug_frame   0x0000000000001118     0x11b4 ./Drivers/STM32F1xx_HAL_Driver/Src/stm32f1xx_hal_tim.o
 .debug_frame   0x00000000000022cc      0x638 ./Drivers/STM32F1xx_HAL_Driver/Src/stm32f1xx_hal_tim_ex.o
 .debug_frame   0x0000000000002904       0x2c d:/stm32/stm32cubeide_1.7.0/stm32cubeide/plugins/com.st.stm32cube.ide.mcu.externaltools.gnu-tools-for-stm32.9-2020-q2-update.win32_2.0.0.202105311346/tools/bin/../lib/gcc/arm-none-eabi/9.3.1/../../../../arm-none-eabi/lib/thumb/v7-m/nofp\libc_nano.a(lib_a-init.o)
 .debug_frame   0x0000000000002930       0x20 d:/stm32/stm32cubeide_1.7.0/stm32cubeide/plugins/com.st.stm32cube.ide.mcu.externaltools.gnu-tools-for-stm32.9-2020-q2-update.win32_2.0.0.202105311346/tools/bin/../lib/gcc/arm-none-eabi/9.3.1/../../../../arm-none-eabi/lib/thumb/v7-m/nofp\libc_nano.a(lib_a-memset.o)
